Component: ARM Compiler 5.05 update 1 (build 106) Tool: armlink [4d0efa]

==============================================================================

Section Cross References

    startup_stm32f407xx.o(RESET) refers to startup_stm32f407xx.o(STACK) for __initial_sp
    startup_stm32f407xx.o(RESET) refers to startup_stm32f407xx.o(.text) for Reset_Handler
    startup_stm32f407xx.o(RESET) refers to stm32f4xx_it.o(i.NMI_Handler) for NMI_Handler
    startup_stm32f407xx.o(RESET) refers to stm32f4xx_it.o(i.HardFault_Handler) for HardFault_Handler
    startup_stm32f407xx.o(RESET) refers to stm32f4xx_it.o(i.MemManage_Handler) for MemManage_Handler
    startup_stm32f407xx.o(RESET) refers to stm32f4xx_it.o(i.BusFault_Handler) for BusFault_Handler
    startup_stm32f407xx.o(RESET) refers to stm32f4xx_it.o(i.UsageFault_Handler) for UsageFault_Handler
    startup_stm32f407xx.o(RESET) refers to port.o(.emb_text) for SVC_Handler
    startup_stm32f407xx.o(RESET) refers to stm32f4xx_it.o(i.DebugMon_Handler) for DebugMon_Handler
    startup_stm32f407xx.o(RESET) refers to port.o(i.SysTick_Handler) for SysTick_Handler
    startup_stm32f407xx.o(RESET) refers to stm32f4xx_it.o(i.DMA1_Stream1_IRQHandler) for DMA1_Stream1_IRQHandler
    startup_stm32f407xx.o(RESET) refers to stm32f4xx_it.o(i.DMA1_Stream3_IRQHandler) for DMA1_Stream3_IRQHandler
    startup_stm32f407xx.o(RESET) refers to stm32f4xx_it.o(i.CAN1_TX_IRQHandler) for CAN1_TX_IRQHandler
    startup_stm32f407xx.o(RESET) refers to stm32f4xx_it.o(i.CAN1_RX0_IRQHandler) for CAN1_RX0_IRQHandler
    startup_stm32f407xx.o(RESET) refers to stm32f4xx_it.o(i.USART1_IRQHandler) for USART1_IRQHandler
    startup_stm32f407xx.o(RESET) refers to stm32f4xx_it.o(i.USART2_IRQHandler) for USART2_IRQHandler
    startup_stm32f407xx.o(RESET) refers to stm32f4xx_it.o(i.USART3_IRQHandler) for USART3_IRQHandler
    startup_stm32f407xx.o(RESET) refers to stm32f4xx_it.o(i.TIM8_TRG_COM_TIM14_IRQHandler) for TIM8_TRG_COM_TIM14_IRQHandler
    startup_stm32f407xx.o(RESET) refers to stm32f4xx_it.o(i.UART4_IRQHandler) for UART4_IRQHandler
    startup_stm32f407xx.o(RESET) refers to stm32f4xx_it.o(i.TIM6_DAC_IRQHandler) for TIM6_DAC_IRQHandler
    startup_stm32f407xx.o(RESET) refers to stm32f4xx_it.o(i.TIM7_IRQHandler) for TIM7_IRQHandler
    startup_stm32f407xx.o(RESET) refers to stm32f4xx_it.o(i.DMA2_Stream2_IRQHandler) for DMA2_Stream2_IRQHandler
    startup_stm32f407xx.o(RESET) refers to stm32f4xx_it.o(i.CAN2_TX_IRQHandler) for CAN2_TX_IRQHandler
    startup_stm32f407xx.o(RESET) refers to stm32f4xx_it.o(i.CAN2_RX0_IRQHandler) for CAN2_RX0_IRQHandler
    startup_stm32f407xx.o(RESET) refers to stm32f4xx_it.o(i.USART6_IRQHandler) for USART6_IRQHandler
    startup_stm32f407xx.o(.text) refers to system_stm32f4xx.o(i.SystemInit) for SystemInit
    startup_stm32f407xx.o(.text) refers to entry.o(.ARM.Collect$$$$00000000) for __main
    main.o(i.HAL_TIM_PeriodElapsedCallback) refers to stm32f4xx_hal.o(i.HAL_IncTick) for HAL_IncTick
    main.o(i.HAL_TIM_PeriodElapsedCallback) refers to memcpya.o(.text) for __aeabi_memcpy4
    main.o(i.HAL_TIM_PeriodElapsedCallback) refers to memseta.o(.text) for __aeabi_memclr4
    main.o(i.HAL_TIM_PeriodElapsedCallback) refers to stm32f4xx_hal_iwdg.o(i.HAL_IWDG_Refresh) for HAL_IWDG_Refresh
    main.o(i.HAL_TIM_PeriodElapsedCallback) refers to tim.o(.bss) for Observer
    main.o(i.HAL_TIM_PeriodElapsedCallback) refers to iwdg.o(.bss) for hiwdg
    main.o(i.SystemClock_Config) refers to memseta.o(.text) for __aeabi_memclr4
    main.o(i.SystemClock_Config) refers to stm32f4xx_hal_rcc.o(i.HAL_RCC_OscConfig) for HAL_RCC_OscConfig
    main.o(i.SystemClock_Config) refers to main.o(i.Error_Handler) for Error_Handler
    main.o(i.SystemClock_Config) refers to stm32f4xx_hal_rcc.o(i.HAL_RCC_ClockConfig) for HAL_RCC_ClockConfig
    main.o(i.main) refers to stm32f4xx_hal.o(i.HAL_Init) for HAL_Init
    main.o(i.main) refers to main.o(i.SystemClock_Config) for SystemClock_Config
    main.o(i.main) refers to gpio.o(i.MX_GPIO_Init) for MX_GPIO_Init
    main.o(i.main) refers to dma.o(i.MX_DMA_Init) for MX_DMA_Init
    main.o(i.main) refers to usart.o(i.MX_USART1_UART_Init) for MX_USART1_UART_Init
    main.o(i.main) refers to usart.o(i.MX_USART2_UART_Init) for MX_USART2_UART_Init
    main.o(i.main) refers to can.o(i.MX_CAN1_Init) for MX_CAN1_Init
    main.o(i.main) refers to can.o(i.MX_CAN2_Init) for MX_CAN2_Init
    main.o(i.main) refers to i2c.o(i.MX_I2C1_Init) for MX_I2C1_Init
    main.o(i.main) refers to usart.o(i.MX_UART4_Init) for MX_UART4_Init
    main.o(i.main) refers to spi.o(i.MX_SPI1_Init) for MX_SPI1_Init
    main.o(i.main) refers to tim.o(i.MX_TIM7_Init) for MX_TIM7_Init
    main.o(i.main) refers to tim.o(i.MX_TIM14_Init) for MX_TIM14_Init
    main.o(i.main) refers to adc.o(i.MX_ADC1_Init) for MX_ADC1_Init
    main.o(i.main) refers to tim.o(i.MX_TIM1_Init) for MX_TIM1_Init
    main.o(i.main) refers to usart.o(i.MX_USART3_UART_Init) for MX_USART3_UART_Init
[...]
    __mathlib_flt_infnan                     0x0800d651   Thumb Code     6  funder.o(i.__mathlib_flt_infnan)
    __mathlib_flt_invalid                    0x0800d659   Thumb Code    10  funder.o(i.__mathlib_flt_invalid)
    __mathlib_flt_underflow                  0x0800d669   Thumb Code    10  funder.o(i.__mathlib_flt_underflow)
    __mathlib_rredf2                         0x0800d679   Thumb Code   316  rredf.o(i.__mathlib_rredf2)
    __scatterload_copy                       0x0800d7cd   Thumb Code    14  handlers.o(i.__scatterload_copy)
    __scatterload_null                       0x0800d7db   Thumb Code     2  handlers.o(i.__scatterload_null)
    __scatterload_zeroinit                   0x0800d7dd   Thumb Code    14  handlers.o(i.__scatterload_zeroinit)
    __set_errno                              0x0800d7ed   Thumb Code     6  errno.o(i.__set_errno)
    absFloat                                 0x0800e095   Thumb Code    30  fytpi_math.o(i.absFloat)
    append_crc16_check_sum                   0x0800e0b5   Thumb Code    44  protocol.o(i.append_crc16_check_sum)
    append_crc8_check_sum                    0x0800e0e5   Thumb Code    38  protocol.o(i.append_crc8_check_sum)
    atan                                     0x0800e10b   Thumb Code    16  atan.o(i.atan)
    chekSum                                  0x0800e11b   Thumb Code    26  vision.o(i.chekSum)
    circleContinue                           0x0800e135   Thumb Code    56  motor.o(i.circleContinue)
    constrainInt16                           0x0800e16d   Thumb Code    22  fytpi_math.o(i.constrainInt16)
    constrainInt32                           0x0800e183   Thumb Code    22  fytpi_math.o(i.constrainInt32)
    constrainUint16                          0x0800e199   Thumb Code    22  fytpi_math.o(i.constrainUint16)
    data_packet_pack                         0x0800e1ed   Thumb Code    54  dma_unpack.o(i.data_packet_pack)
    dma_buffer_to_unpack_buffer              0x0800e229   Thumb Code   184  dma_unpack.o(i.dma_buffer_to_unpack_buffer)
    dynamicSpin                              0x0800e2e1   Thumb Code    12  chassis.o(i.dynamicSpin)
    fabs                                     0x0800e2f1   Thumb Code    24  fabs.o(i.fabs)
    fastCos                                  0x0800e309   Thumb Code   106  fytpi_math.o(i.fastCos)
    fastSin                                  0x0800e37d   Thumb Code    34  fytpi_math.o(i.fastSin)
    fifo_s_get                               0x0800e3a5   Thumb Code    54  data_fifo.o(i.fifo_s_get)
    fifo_s_init                              0x0800e3db   Thumb Code    54  data_fifo.o(i.fifo_s_init)
    fifo_s_puts                              0x0800e411   Thumb Code    86  data_fifo.o(i.fifo_s_puts)
    fifo_used_count                          0x0800e467   Thumb Code    16  data_fifo.o(i.fifo_used_count)
    followHolderSpinS16                      0x0800e479   Thumb Code    52  chassis.o(i.followHolderSpinS16)
    followSpeedSpinS16                       0x0800e4b1   Thumb Code    10  chassis.o(i.followSpeedSpinS16)
    getChassisSpeed                          0x0800e4c1   Thumb Code   206  vision.o(i.getChassisSpeed)
    getDirAngleFloat                         0x0800e5a9   Thumb Code    74  can.o(i.getDirAngleFloat)
    getImuYaw                                0x0800e605   Thumb Code     8  message.o(i.getImuYaw)
    get_crc16_check_sum                      0x0800e689   Thumb Code    46  protocol.o(i.get_crc16_check_sum)
    get_crc8_check_sum                       0x0800e6bd   Thumb Code    32  protocol.o(i.get_crc8_check_sum)
    get_dma_memory_msg                       0x0800e6e1   Thumb Code    26  dma_unpack.o(i.get_dma_memory_msg)
    get_eular                                0x0800e6fd   Thumb Code    14  imu_data_decode.o(i.get_eular)
    get_raw_gyo                              0x0800e711   Thumb Code    16  imu_data_decode.o(i.get_raw_gyo)
    holderFollowGetMoveDataS16               0x0800e725   Thumb Code    38  chassis.o(i.holderFollowGetMoveDataS16)
    imu_data_decode_init                     0x0800e841   Thumb Code    14  imu_data_decode.o(i.imu_data_decode_init)
    judge_rx_handler                         0x0800e869   Thumb Code   376  judge_rx.o(i.judge_rx_handler)
    judge_unpack_fifo_data                   0x0800e9e5   Thumb Code   352  dma_unpack.o(i.judge_unpack_fifo_data)
    keyboardControlGetMoveData               0x0800eb45   Thumb Code   298  chassis.o(i.keyboardControlGetMoveData)
    main                                     0x0800ec91   Thumb Code   152  main.o(i.main)
    omniSpeedParse                           0x0800ed39   Thumb Code   194  chassis.o(i.omniSpeedParse)
    osDelay                                  0x0800ee01   Thumb Code    24  cmsis_os.o(i.osDelay)
    osKernelStart                            0x0800ee19   Thumb Code    10  cmsis_os.o(i.osKernelStart)
    osMessageCreate                          0x0800ee23   Thumb Code    40  cmsis_os.o(i.osMessageCreate)
    osMessageGet                             0x0800ee4d   Thumb Code   150  cmsis_os.o(i.osMessageGet)
    osMessagePut                             0x0800eee9   Thumb Code    92  cmsis_os.o(i.osMessagePut)
    osThreadCreate                           0x0800ef49   Thumb Code    94  cmsis_os.o(i.osThreadCreate)
    piTunningAbsolute                        0x0800efa9   Thumb Code   152  fytpi_control.o(i.piTunningAbsolute)
    pidAbsoluteInit                          0x0800f049   Thumb Code    22  fytpi_control.o(i.pidAbsoluteInit)
    pidAbsoluteUpdate                        0x0800f05f   Thumb Code   258  fytpi_control.o(i.pidAbsoluteUpdate)
    pidIncrementInit                         0x0800f161   Thumb Code    18  fytpi_control.o(i.pidIncrementInit)
    pidIncrementUpdate                       0x0800f173   Thumb Code   192  fytpi_control.o(i.pidIncrementUpdate)
    protocol_packet_pack                     0x0800f235   Thumb Code   108  dma_unpack.o(i.protocol_packet_pack)
    pvPortMalloc                             0x0800f8ad   Thumb Code   296  heap_4.o(i.pvPortMalloc)
    pxPortInitialiseStack                    0x0800f9e9   Thumb Code    38  port.o(i.pxPortInitialiseStack)
    recvCmdData                              0x0800fa15   Thumb Code   224  vision.o(i.recvCmdData)
    remoteControlGetMoveData                 0x0800fafd   Thumb Code    22  chassis.o(i.remoteControlGetMoveData)
    sendCBData                               0x0800fb1d   Thumb Code    96  vision.o(i.sendCBData)
    sqrt                                     0x0800fb85   Thumb Code   110  sqrt.o(i.sqrt)
    taskChassis                              0x0800fc21   Thumb Code    78  freertos.o(i.taskChassis)
    taskHolder                               0x0800fc79   Thumb Code   192  freertos.o(i.taskHolder)
    taskJudge                                0x0800fd49   Thumb Code    18  freertos.o(i.taskJudge)
    taskKey                                  0x0800fd5b   Thumb Code    14  freertos.o(i.taskKey)
    taskLED                                  0x0800fd69   Thumb Code   126  freertos.o(i.taskLED)
    taskMsg                                  0x0800fdf9   Thumb Code    72  freertos.o(i.taskMsg)
    taskShoot                                0x0800fe51   Thumb Code    46  freertos.o(i.taskShoot)
    taskUI                                   0x0800fe89   Thumb Code    18  freertos.o(i.taskUI)
    uart1_dma_callback                       0x0800fe9d   Thumb Code    18  usart.o(i.uart1_dma_callback)
    uart3_dma_m0_callback                    0x0800feb5   Thumb Code     2  usart.o(i.uart3_dma_m0_callback)
    uart3_dma_m1_callback                    0x0800feb7   Thumb Code     2  usart.o(i.uart3_dma_m1_callback)
    uxListRemove                             0x0800feb9   Thumb Code    40  list.o(i.uxListRemove)
    vApplicationGetIdleTaskMemory            0x0800fee1   Thumb Code    14  freertos.o(i.vApplicationGetIdleTaskMemory)
    vListInitialise                          0x0800fef9   Thumb Code    26  list.o(i.vListInitialise)
    vListInitialiseItem                      0x0800ff13   Thumb Code     6  list.o(i.vListInitialiseItem)
    vListInsert                              0x0800ff19   Thumb Code    52  list.o(i.vListInsert)
    vListInsertEnd                           0x0800ff4d   Thumb Code    24  list.o(i.vListInsertEnd)
    vPortEnterCritical                       0x0800ff65   Thumb Code    76  port.o(i.vPortEnterCritical)
    vPortExitCritical                        0x0800ffb9   Thumb Code    56  port.o(i.vPortExitCritical)
    vPortFree                                0x0800fff5   Thumb Code   140  heap_4.o(i.vPortFree)
    vPortSetupTimerInterrupt                 0x08010089   Thumb Code    36  port.o(i.vPortSetupTimerInterrupt)
    vPortValidateInterruptPriority           0x080100b1   Thumb Code   106  port.o(i.vPortValidateInterruptPriority)
    vTaskDelay                               0x08010129   Thumb Code    82  tasks.o(i.vTaskDelay)
    vTaskInternalSetTimeOutState             0x08010185   Thumb Code    14  tasks.o(i.vTaskInternalSetTimeOutState)
    vTaskMissedYield                         0x0801019d   Thumb Code     8  tasks.o(i.vTaskMissedYield)
    vTaskPlaceOnEventList                    0x080101a9   Thumb Code    52  tasks.o(i.vTaskPlaceOnEventList)
    vTaskStartScheduler                      0x080101e1   Thumb Code   146  tasks.o(i.vTaskStartScheduler)
    vTaskSuspendAll                          0x08010291   Thumb Code    12  tasks.o(i.vTaskSuspendAll)
    vTaskSwitchContext                       0x080102a1   Thumb Code   118  tasks.o(i.vTaskSwitchContext)
    verify_crc16_check_sum                   0x0801032d   Thumb Code    60  protocol.o(i.verify_crc16_check_sum)
    verify_crc8_check_sum                    0x0801036d   Thumb Code    48  protocol.o(i.verify_crc8_check_sum)
    xPortStartScheduler                      0x0801039d   Thumb Code   330  port.o(i.xPortStartScheduler)
    xQueueGenericCreate                      0x08010505   Thumb Code    96  queue.o(i.xQueueGenericCreate)
    xQueueGenericCreateStatic                0x08010565   Thumb Code   224  queue.o(i.xQueueGenericCreateStatic)
    xQueueGenericReset                       0x08010645   Thumb Code   146  queue.o(i.xQueueGenericReset)
    xQueueGenericSend                        0x080106dd   Thumb Code   420  queue.o(i.xQueueGenericSend)
    xQueueGenericSendFromISR                 0x08010885   Thumb Code   248  queue.o(i.xQueueGenericSendFromISR)
    xQueueReceive                            0x0801097d   Thumb Code   356  queue.o(i.xQueueReceive)
    xQueueReceiveFromISR                     0x08010ae5   Thumb Code   202  queue.o(i.xQueueReceiveFromISR)
    xTaskCheckForTimeOut                     0x08010bb1   Thumb Code   132  tasks.o(i.xTaskCheckForTimeOut)
    xTaskCreate                              0x08010c3d   Thumb Code   100  tasks.o(i.xTaskCreate)
    xTaskCreateStatic                        0x08010ca1   Thumb Code   186  tasks.o(i.xTaskCreateStatic)
    xTaskGetSchedulerState                   0x08010d5d   Thumb Code    24  tasks.o(i.xTaskGetSchedulerState)
    xTaskIncrementTick                       0x08010d7d   Thumb Code   282  tasks.o(i.xTaskIncrementTick)
    xTaskPriorityDisinherit                  0x08010ec5   Thumb Code   188  tasks.o(i.xTaskPriorityDisinherit)
    xTaskRemoveFromEventList                 0x08010f8d   Thumb Code   128  tasks.o(i.xTaskRemoveFromEventList)
    xTaskResumeAll                           0x08011025   Thumb Code   224  tasks.o(i.xTaskResumeAll)
    F6x8                                     0x08011250   Data         552  oled.o(.constdata)
    CSU_FYT                                  0x08011478   Data        1024  oled.o(.constdata)
    AHBPrescTable                            0x08011878   Data          16  system_stm32f4xx.o(.constdata)
    APBPrescTable                            0x08011888   Data           8  system_stm32f4xx.o(.constdata)
    CRC8_INIT                                0x08011890   Data           1  protocol.o(.constdata)
    CRC8_TAB                                 0x08011891   Data         256  protocol.o(.constdata)
    wCRC_Table                               0x08011992   Data         512  protocol.o(.constdata)
    __mathlib_zero                           0x08011cc0   Data           8  qnan.o(.constdata)
    Region$$Table$$Base                      0x08011d18   Number         0  anon$$obj.o(Region$$Table)
    Region$$Table$$Limit                     0x08011d38   Number         0  anon$$obj.o(Region$$Table)
    LEDHandle                                0x20000000   Data           4  freertos.o(.data)
    MSGHandle                                0x20000004   Data           4  freertos.o(.data)
    UIHandle                                 0x20000008   Data           4  freertos.o(.data)
    KEYHandle                                0x2000000c   Data           4  freertos.o(.data)
    ChassisHandle                            0x20000010   Data           4  freertos.o(.data)
    HolderHandle                             0x20000014   Data           4  freertos.o(.data)
    ShootHandle                              0x20000018   Data           4  freertos.o(.data)
    JudgeHandle                              0x2000001c   Data           4  freertos.o(.data)
    RDtHMsgHandle                            0x20000020   Data           4  freertos.o(.data)
    RDtCMsgHandle                            0x20000024   Data           4  freertos.o(.data)
    RDtSMsgHandle                            0x20000028   Data           4  freertos.o(.data)
    HDtHMsgHandle                            0x2000002c   Data           4  freertos.o(.data)
    DirAngle                                 0x20000030   Data           4  can.o(.data)
    flag2                                    0x20000038   Data           4  can.o(.data)
    flag3                                    0x2000003c   Data           4  can.o(.data)
    uart_tmp                                 0x20000044   Data           1  usart.o(.data)
    uart3_dma_flag                           0x20000045   Data           1  usart.o(.data)
    uart3_idle_flag                          0x20000046   Data           1  usart.o(.data)
    cmdf                                     0x20000047   Data           2  usart.o(.data)
    cmdr                                     0x20000049   Data           2  usart.o(.data)
    uwTick                                   0x2000004c   Data           4  stm32f4xx_hal.o(.data)
    uwTickPrio                               0x20000050   Data           4  stm32f4xx_hal.o(.data)
    uwTickFreq                               0x20000054   Data           1  stm32f4xx_hal.o(.data)
    KeyMsg                                   0x20000055   Data          40  key.o(.data)
    key_msg_rear                             0x2000007d   Data           1  key.o(.data)
    key_msg_front                            0x2000007e   Data           1  key.o(.data)
    key_msg_flag                             0x2000007f   Data           1  key.o(.data)
    KeyTime                                  0x20000080   Data           4  key.o(.data)
    flag_oled                                0x20000084   Data           1  oled.o(.data)
    SystemCoreClock                          0x200000b0   Data           4  system_stm32f4xx.o(.data)
    pxCurrentTCB                             0x200000b4   Data           4  tasks.o(.data)
    look6                                    0x2000012c   Data           4  message.o(.data)
    shoot_rate                               0x20000130   Data           2  ui.o(.data)
    UI_Key                                   0x20000134   Data           2  ui_lib.o(.data)
    IsUIPageMain                             0x20000136   Data           1  ui_lib.o(.data)
    Cursor                                   0x20000137   Data           1  ui_lib.o(.data)
    Cursor_last                              0x20000138   Data           1  ui_lib.o(.data)
    NowPage                                  0x20000139   Data           1  ui_lib.o(.data)
    Menustatus                               0x2000013a   Data           1  ui_lib.o(.data)
    uintForNow                               0x2000013b   Data           1  ui_lib.o(.data)
    DataInterval                             0x2000013c   Data           4  ui_lib.o(.data)
    uintArray                                0x20000140   Data          36  ui_lib.o(.data)
    DataToChangeNum                          0x20000164   Data           1  ui_lib.o(.data)
    ChassisSpeed                             0x20000166   Data           6  vision.o(.data)
    global_vision_state                      0x2000016c   Data           1  vision.o(.data)
    vData_x                                  0x2000016e   Data           2  vision.o(.data)
    vData_y                                  0x20000170   Data           2  vision.o(.data)
    vData_z                                  0x20000172   Data           2  vision.o(.data)
    tran_st                                  0x20000174   Data           1  vision.o(.data)
    CRC_INIT                                 0x2000017c   Data           2  protocol.o(.data)
    judge_lid_state                          0x2000017e   Data           1  judge.o(.data)
    judge_spin_state                         0x2000017f   Data           1  judge.o(.data)
    judge_vision_state                       0x20000180   Data           1  judge.o(.data)
    rudder_angle_kp                          0x20000188   Data           4  chassis.o(.data)
    rudder_angle_ki                          0x2000018c   Data           4  chassis.o(.data)
    rudder_angle_kd                          0x20000190   Data           4  chassis.o(.data)
    rudder_angle_limit                       0x20000194   Data           4  chassis.o(.data)
    rudder_speed_kp                          0x20000198   Data           4  chassis.o(.data)
    rudder_speed_ki                          0x2000019c   Data           4  chassis.o(.data)
    rudder_speed_kd                          0x200001a0   Data           4  chassis.o(.data)
    rudder_speed_limit                       0x200001a4   Data           4  chassis.o(.data)
    rudder_out_limit                         0x200001a8   Data           4  chassis.o(.data)
    chassis_speed_kp                         0x200001ac   Data           4  chassis.o(.data)
    chassis_speed_ki                         0x200001b0   Data           4  chassis.o(.data)
    chassis_speed_kd                         0x200001b4   Data           4  chassis.o(.data)
    chassis_speed_inc_lim                    0x200001b8   Data           4  chassis.o(.data)
    chassis_current_kp                       0x200001bc   Data           4  chassis.o(.data)
    chassis_current_ki                       0x200001c0   Data           4  chassis.o(.data)
    chassis_current_kd                       0x200001c4   Data           4  chassis.o(.data)
    chassis_current_inc_lim                  0x200001c8   Data           4  chassis.o(.data)
    chassis_out_lim                          0x200001cc   Data           4  chassis.o(.data)
    look3                                    0x20000224   Data           4  chassis.o(.data)
    tmp_angle                                0x20000228   Data           8  chassis.o(.data)
    tmp_speed                                0x20000230   Data           8  chassis.o(.data)
    speed_angle                              0x20000238   Data           8  chassis.o(.data)
    look11                                   0x20000240   Data           4  chassis.o(.data)
    look7                                    0x20000244   Data           4  chassis.o(.data)
    rc_pitch_bias                            0x2000024c   Data           4  holder.o(.data)
    rc_yaw_bias                              0x20000250   Data           4  holder.o(.data)
    key_pitch_bias                           0x20000254   Data           4  holder.o(.data)
    key_yaw_bias                             0x20000258   Data           4  holder.o(.data)
    key_yaw_limit                            0x2000025c   Data           4  holder.o(.data)
    yaw_angle_tunning_kp                     0x20000260   Data           4  holder.o(.data)
    yaw_angle_min_kp                         0x20000264   Data           4  holder.o(.data)
    yaw_angle_tunning_ki                     0x20000268   Data           4  holder.o(.data)
    yaw_angle_min_ki                         0x2000026c   Data           4  holder.o(.data)
    yaw_angle_kd                             0x20000270   Data           4  holder.o(.data)
    yaw_angle_vision_tunning_kp              0x20000274   Data           4  holder.o(.data)
    yaw_angle_vision_min_kp                  0x20000278   Data           4  holder.o(.data)
    yaw_angle_vision_tunning_ki              0x2000027c   Data           4  holder.o(.data)
    yaw_angle_vision_min_ki                  0x20000280   Data           4  holder.o(.data)
    yaw_angle_vision_kd                      0x20000284   Data           4  holder.o(.data)
    yaw_speed_kp                             0x20000288   Data           4  holder.o(.data)
    yaw_speed_ki                             0x2000028c   Data           4  holder.o(.data)
    yaw_speed_kd                             0x20000290   Data           4  holder.o(.data)
    yaw_speed_vision_kp                      0x20000294   Data           4  holder.o(.data)
    yaw_speed_vision_ki                      0x20000298   Data           4  holder.o(.data)
    yaw_speed_vision_kd                      0x2000029c   Data           4  holder.o(.data)
    yaw_angle_lpf_bias                       0x200002a0   Data           4  holder.o(.data)
    yaw_speed_lpf_bias                       0x200002a4   Data           4  holder.o(.data)
    yaw_angle_kp_limit                       0x200002a8   Data           4  holder.o(.data)
    yaw_angle_ki_limit                       0x200002ac   Data           4  holder.o(.data)
    yaw_speed_kp_limit                       0x200002b0   Data           4  holder.o(.data)
    yaw_speed_ki_limit                       0x200002b4   Data           4  holder.o(.data)
    yaw_angle_vision_kp_limit                0x200002b8   Data           4  holder.o(.data)
    yaw_angle_vision_ki_limit                0x200002bc   Data           4  holder.o(.data)
    yaw_output_limit                         0x200002c0   Data           4  holder.o(.data)
    pitch_angle_tunning_kp                   0x200002c4   Data           4  holder.o(.data)
    pitch_angle_min_kp                       0x200002c8   Data           4  holder.o(.data)
    pitch_angle_tunning_ki                   0x200002cc   Data           4  holder.o(.data)
    pitch_angle_min_ki                       0x200002d0   Data           4  holder.o(.data)
    pitch_angle_kd                           0x200002d4   Data           4  holder.o(.data)
    pitch_angle_vision_tunning_kp            0x200002d8   Data           4  holder.o(.data)
    pitch_angle_vision_min_kp                0x200002dc   Data           4  holder.o(.data)
    pitch_angle_vision_tunning_ki            0x200002e0   Data           4  holder.o(.data)
    pitch_angle_vision_min_ki                0x200002e4   Data           4  holder.o(.data)
    pitch_angle_vision_kd                    0x200002e8   Data           4  holder.o(.data)
    pitch_speed_kp                           0x200002ec   Data           4  holder.o(.data)
    pitch_speed_ki                           0x200002f0   Data           4  holder.o(.data)
    pitch_speed_kd                           0x200002f4   Data           4  holder.o(.data)
    pitch_speed_vision_kp                    0x200002f8   Data           4  holder.o(.data)
    pitch_speed_vision_ki                    0x200002fc   Data           4  holder.o(.data)
    pitch_speed_vision_kd                    0x20000300   Data           4  holder.o(.data)
    pitch_angle_lpf_bias                     0x20000304   Data           4  holder.o(.data)
    pitch_speed_lpf_bias                     0x20000308   Data           4  holder.o(.data)
    pitch_angle_kp_limit                     0x2000030c   Data           4  holder.o(.data)
    pitch_angle_ki_limit                     0x20000310   Data           4  holder.o(.data)
    pitch_speed_kp_limit                     0x20000314   Data           4  holder.o(.data)
    pitch_speed_ki_limit                     0x20000318   Data           4  holder.o(.data)
    pitch_angle_vision_kp_limit              0x2000031c   Data           4  holder.o(.data)
    pitch_angle_vision_ki_limit              0x20000320   Data           4  holder.o(.data)
    pitch_output_limit                       0x20000324   Data           4  holder.o(.data)
    x                                        0x2000032c   Data           4  holder.o(.data)
    y                                        0x20000330   Data           4  holder.o(.data)
    vision_y_bias                            0x20000334   Data           4  holder.o(.data)
    vision_x_bias                            0x20000338   Data           4  holder.o(.data)
    vision_holder_speed                      0x20000340   Data           4  holder.o(.data)
    vision_armor_speed_to_holder             0x20000344   Data           4  holder.o(.data)
    vision_armor_speed                       0x20000348   Data           4  holder.o(.data)
    vData_old                                0x2000034c   Data           4  holder.o(.data)
    vData_now                                0x20000350   Data           4  holder.o(.data)
    Shoot_Freq_Out_Limit                     0x20000358   Data           4  shoot.o(.data)
    Freq_Max                                 0x2000035c   Data           2  shoot.o(.data)
    Freq_Min                                 0x2000035e   Data           2  shoot.o(.data)
    Buf_Safety                               0x20000360   Data           4  shoot.o(.data)
    Shoot_Speed_Max_M3508_Lim15              0x20000364   Data           2  shoot.o(.data)
    Shoot_Speed_Max_M3508_Lim18              0x20000366   Data           2  shoot.o(.data)
    Shoot_Speed_Max_M3508_Lim22              0x20000368   Data           2  shoot.o(.data)
    Shoot_Speed_Max_M3508_Lim30              0x2000036a   Data           2  shoot.o(.data)
    M3508_Out_Limit                          0x2000036c   Data           4  shoot.o(.data)
    Shoot_Freq_Speed_Kp_M3508                0x20000370   Data           4  shoot.o(.data)
    Shoot_Freq_Speed_Ki_M3508                0x20000374   Data           4  shoot.o(.data)
    Shoot_Freq_Speed_Kd_M3508                0x20000378   Data           4  shoot.o(.data)
    Shoot_Freq_Speed_Kp_Limit_M3508          0x2000037c   Data           4  shoot.o(.data)
    Shoot_Freq_Speed_Ki_Limit_M3508          0x20000380   Data           4  shoot.o(.data)
    Shoot_Freq_Speed_Kp                      0x20000384   Data           4  shoot.o(.data)
    Shoot_Freq_Speed_Ki                      0x20000388   Data           4  shoot.o(.data)
    Shoot_Freq_Speed_Kd                      0x2000038c   Data           4  shoot.o(.data)
    Shoot_Freq_Speed_Kp_Limit                0x20000390   Data           4  shoot.o(.data)
    Shoot_Freq_Speed_Ki_Limit                0x20000394   Data           4  shoot.o(.data)
    Shoot_Freq_Position_Kp                   0x20000398   Data           4  shoot.o(.data)
    Shoot_Freq_Position_Ki                   0x2000039c   Data           4  shoot.o(.data)
    Shoot_Freq_Position_Kd                   0x200003a0   Data           4  shoot.o(.data)
    Shoot_Freq_Position_Kp_Limit             0x200003a4   Data           4  shoot.o(.data)
    Shoot_Freq_Position_Ki_Limit             0x200003a8   Data           4  shoot.o(.data)
    Pusel_Max_Lim15                          0x200003ac   Data           2  shoot.o(.data)
    Pusel_Max_Lim18                          0x200003ae   Data           2  shoot.o(.data)
    Pusel_Max_Lim22                          0x200003b0   Data           2  shoot.o(.data)
    Pusel_Max_Lim30                          0x200003b2   Data           2  shoot.o(.data)
    Pulse_Min                                0x200003b4   Data           2  shoot.o(.data)
    Pulse_Out                                0x200003b6   Data           2  shoot.o(.data)
    posishoot_time                           0x200003b8   Data           4  shoot.o(.data)
    heat17_limit                             0x200003bc   Data           2  shoot.o(.data)
    s16shoot_freq                            0x200003be   Data           2  shoot.o(.data)
    s16shoot_speed                           0x200003c0   Data           2  shoot.o(.data)
    cmp_position                             0x200003c4   Data           4  shoot.o(.data)
    m3508_speed_now                          0x200003c8   Data           4  shoot.o(.data)
    shoot_aim_pulse                          0x200003cc   Data           4  shoot.o(.data)
    shoot_now_pulse                          0x200003d0   Data           4  shoot.o(.data)
    shoot_ramp_pulse                         0x200003d4   Data           4  shoot.o(.data)
    look17                                   0x200003d8   Data           4  shoot.o(.data)
    look9                                    0x200003dc   Data           4  shoot.o(.data)
    evt                                      0x20000554   Data          12  freertos.o(.bss)
    hadc1                                    0x200006b4   Data          72  adc.o(.bss)
    hcan1                                    0x200006fc   Data          40  can.o(.bss)
    hcan2                                    0x20000724   Data          40  can.o(.bss)
    CAN1TxMsg                                0x2000074c   Data          24  can.o(.bss)
    CAN2TxMsg                                0x20000764   Data          24  can.o(.bss)
    hi2c1                                    0x2000077c   Data          84  i2c.o(.bss)
    hiwdg                                    0x200007d0   Data          12  iwdg.o(.bss)
    hspi1                                    0x200007dc   Data          88  spi.o(.bss)
    Observer                                 0x20000834   Data          56  tim.o(.bss)
    htim1                                    0x2000086c   Data          64  tim.o(.bss)
    htim3                                    0x200008ac   Data          64  tim.o(.bss)
    htim4                                    0x200008ec   Data          64  tim.o(.bss)
    htim7                                    0x2000092c   Data          64  tim.o(.bss)
    htim9                                    0x2000096c   Data          64  tim.o(.bss)
    htim14                                   0x200009ac   Data          64  tim.o(.bss)
    uart1_buf                                0x200009ec   Data          18  usart.o(.bss)
    uart3_m0_buf                             0x200009fe   Data        1024  usart.o(.bss)
    uart3_m1_buf                             0x20000dfe   Data        1024  usart.o(.bss)
    uart3_tx_buf                             0x200011fe   Data         120  usart.o(.bss)
    uart6_rx_buf                             0x20001276   Data         200  usart.o(.bss)
    huart4                                   0x20001340   Data          64  usart.o(.bss)
    huart1                                   0x20001380   Data          64  usart.o(.bss)
    huart2                                   0x200013c0   Data          64  usart.o(.bss)
    huart3                                   0x20001400   Data          64  usart.o(.bss)
    huart6                                   0x20001440   Data          64  usart.o(.bss)
    hdma_usart1_rx                           0x20001480   Data          96  usart.o(.bss)
    hdma_usart3_rx                           0x200014e0   Data          96  usart.o(.bss)
    hdma_usart3_tx                           0x20001540   Data          96  usart.o(.bss)
    htim6                                    0x200015a0   Data          64  stm32f4xx_hal_timebase_tim.o(.bss)
    Eular                                    0x20005378   Data          12  message.o(.bss)
    PageMain                                 0x20005390   Data         160  ui.o(.bss)
    PageCan                                  0x20005430   Data         160  ui.o(.bss)
    PageSensor                               0x200054d0   Data         160  ui.o(.bss)
    PageChange                               0x20005570   Data         160  ui.o(.bss)
    vData                                    0x20005610   Data         216  vision.o(.bss)
    RecvData                                 0x200056e8   Data          18  vision.o(.bss)
    vData_x_RMF4                             0x200056fc   Data          16  vision.o(.bss)
    vData_y_RMF4                             0x2000570c   Data          16  vision.o(.bss)
    vData_z_RMF4                             0x2000571c   Data          16  vision.o(.bss)
    vData_buf                                0x2000572c   Data          16  vision.o(.bss)
    StrTmp                                   0x20005a38   Data          30  judge_tx.o(.bss)
    ext_client_graphic_drawseven             0x20005a56   Data         111  judge_tx.o(.bss)
    judge_txmsg                              0x20005ac5   Data          51  judge_tx.o(.bss)
    judge_rxmsg                              0x20005af8   Data         158  judge_rx.o(.bss)
    Chassis                                  0x20005b98   Data        1100  chassis.o(.bss)
    Holder                                   0x20005fe4   Data         572  holder.o(.bss)
    M2006_ID4                                0x20006220   Data         192  shoot.o(.bss)
    M2006_ID5                                0x200062e0   Data         192  shoot.o(.bss)
    M3508                                    0x200063a0   Data         376  shoot.o(.bss)
    RDMsg1                                   0x20006518   Data          52  shoot.o(.bss)
    ID4_RMF4_Speed_Buf                       0x2000654c   Data          16  shoot.o(.bss)
    ID5_RMF4_Speed_Buf                       0x2000655c   Data          16  shoot.o(.bss)
    RMF4_Output_Buf                          0x2000656c   Data          16  shoot.o(.bss)
    RMF4_Speed_M3508_Buf                     0x2000657c   Data          32  shoot.o(.bss)
    __initial_sp                             0x200069a0   Data           0  startup_stm32f407xx.o(STACK)



==============================================================================

Memory Map of the image

  Image Entry point : 0x08000189

  Load Region LR_IROM1 (Base: 0x08000000, Size: 0x0001228c, Max: 0x00100000, ABSOLUTE, COMPRESSED[0x00011fec])

    Execution Region ER_IROM1 (Base: 0x08000000, Size: 0x00011d38, Max: 0x00100000, ABSOLUTE)

    Base Addr    Size         Type   Attr      Idx    E Section Name        Object

    0x08000000   0x00000188   Data   RO            3    RESET               startup_stm32f407xx.o
    0x08000188   0x00000000   Code   RO         8558  * .ARM.Collect$$$$00000000  mc_w.l(entry.o)
    0x08000188   0x00000004   Code   RO         8930    .ARM.Collect$$$$00000001  mc_w.l(entry2.o)
    0x0800018c   0x00000004   Code   RO         8933    .ARM.Collect$$$$00000004  mc_w.l(entry5.o)
    0x08000190   0x00000000   Code   RO         8935    .ARM.Collect$$$$00000008  mc_w.l(entry7b.o)
    0x08000190   0x00000000   Code   RO         8937    .ARM.Collect$$$$0000000A  mc_w.l(entry8b.o)
    0x08000190   0x00000008   Code   RO         8938    .ARM.Collect$$$$0000000B  mc_w.l(entry9a.o)
    0x08000198   0x00000000   Code   RO         8940    .ARM.Collect$$$$0000000D  mc_w.l(entry10a.o)
    0x08000198   0x00000000   Code   RO         8942    .ARM.Collect$$$$0000000F  mc_w.l(entry11a.o)
    0x08000198   0x00000004   Code   RO         8931    .ARM.Collect$$$$00002712  mc_w.l(entry2.o)
    0x0800019c   0x000000be   Code   RO         6762    .emb_text           port.o
    0x0800025a   0x00000002   PAD
    0x0800025c   0x00000024   Code   RO            4    .text               startup_stm32f407xx.o
    0x08000280   0x00000062   Code   RO         8561    .text               mc_w.l(uldiv.o)
    0x080002e2   0x00000024   Code   RO         8563    .text               mc_w.l(memcpya.o)
    0x08000306   0x00000024   Code   RO         8567    .text               mc_w.l(memseta.o)
    0x0800032a   0x0000014e   Code   RO         8860    .text               mf_w.l(dadd.o)
    0x08000478   0x000000e4   Code   RO         8862    .text               mf_w.l(dmul.o)
    0x0800055c   0x00000022   Code   RO         8864    .text               mf_w.l(dflti.o)
    0x0800057e   0x0000003e   Code   RO         8866    .text               mf_w.l(dfixi.o)
    0x080005bc   0x00000026   Code   RO         8868    .text               mf_w.l(f2d.o)
    0x080005e2   0x00000038   Code   RO         8870    .text               mf_w.l(d2f.o)
    0x0800061a   0x0000002c   Code   RO         8945    .text               mc_w.l(uidiv.o)
    0x08000646   0x0000001e   Code   RO         8947    .text               mc_w.l(llshl.o)
    0x08000664   0x00000020   Code   RO         8949    .text               mc_w.l(llushr.o)
    0x08000684   0x00000024   Code   RO         8951    .text               mc_w.l(llsshr.o)
    0x080006a8   0x00000000   Code   RO         8962    .text               mc_w.l(iusefp.o)
    0x080006a8   0x0000006e   Code   RO         8963    .text               mf_w.l(fepilogue.o)
    0x08000716   0x000000ba   Code   RO         8965    .text               mf_w.l(depilogue.o)
    0x080007d0   0x000000de   Code   RO         8967    .text               mf_w.l(ddiv.o)
    0x080008ae   0x0000002e   Code   RO         8971    .text               mf_w.l(dscalb.o)
    0x080008dc   0x000000a2   Code   RO         8973    .text               mf_w.l(dsqrt.o)
    0x0800097e   0x00000030   Code   RO         8975    .text               mf_w.l(dfixul.o)
    0x080009ae   0x00000002   PAD
    0x080009b0   0x00000030   Code   RO         8979    .text               mf_w.l(cdrcmple.o)
    0x080009e0   0x00000024   Code   RO         8983    .text               mc_w.l(init.o)
    0x08000a04   0x00000056   Code   RO         8993    .text               mc_w.l(__dczerorl2.o)
    0x08000a5a   0x00000002   PAD
    0x08000a5c   0x00000010   Code   RO          433    i.ADC1_IN1START     adc.o
    0x08000a6c   0x00000028   Code   RO         5032    i.ADC_Get           key.o
    0x08000a94   0x00000160   Code   RO         1232    i.ADC_Init          stm32f4xx_hal_adc.o
    0x08000bf4   0x00000088   Code   RO         5033    i.ADC_ReadVol       key.o
    0x08000c7c   0x00000004   Code   RO         1018    i.BusFault_Handler  stm32f4xx_it.o
    0x08000c80   0x00000040   Code   RO          481    i.CAN1_FilterInit   can.o
    0x08000cc0   0x00000010   Code   RO         1019    i.CAN1_RX0_IRQHandler  stm32f4xx_it.o
    0x08000cd0   0x0000001c   Code   RO         1020    i.CAN1_TX_IRQHandler  stm32f4xx_it.o
    0x08000cec   0x0000002c   Code   RO          482    i.CAN1_Transmit     can.o
    0x08000d18   0x00000040   Code   RO          483    i.CAN2_FilterInit   can.o
    0x08000d58   0x00000010   Code   RO         1021    i.CAN2_RX0_IRQHandler  stm32f4xx_it.o
    0x08000d68   0x00000020   Code   RO         1022    i.CAN2_TX_IRQHandler  stm32f4xx_it.o
    0x08000d88   0x0000002c   Code   RO          484    i.CAN2_Transmit     can.o
    0x08000db4   0x00000010   Code   RO         7074    i.CanData           ui.o
    0x08000dc4   0x00000140   Code   RO         7075    i.CanData_CallBack  ui.o
    0x08000f04   0x00000010   Code   RO         7076    i.ChangeParam       ui.o
    0x08000f14   0x00000138   Code   RO         7766    i.Chassis_CanTransmit  chassis.o
    0x0800104c   0x00000228   Code   RO         7767    i.Chassis_ChooseMode  chassis.o
    0x08001274   0x00000038   Code   RO         7768    i.Chassis_FastFixSpin  chassis.o
    0x080012ac   0x00000134   Code   RO         7769    i.Chassis_Init      chassis.o
    0x080013e0   0x000003a4   Code   RO         7770    i.Chassis_PidRun    chassis.o
    0x08001784   0x0000030c   Code   RO         7771    i.Chassis_Powerlimit  chassis.o
    0x08001a90   0x00000076   Code   RO         7772    i.Chassis_Process   chassis.o
    0x08001b06   0x00000014   Code   RO         7773    i.Chassis_Protect   chassis.o
    0x08001b1a   0x00000002   PAD
    0x08001b1c   0x00000070   Code   RO         7774    i.Chassis_RosControl  chassis.o
    0x08001b8c   0x00000650   Code   RO         7775    i.Chassis_SpeedControl  chassis.o
    0x080021dc   0x00000194   Code   RO         7776    i.Chassis_SpeedReset  chassis.o
    0x08002370   0x00000090   Code   RO         7777    i.Chassis_TurnRound  chassis.o
    0x08002400   0x00000010   Code   RO         1023    i.DMA1_Stream1_IRQHandler  stm32f4xx_it.o
    0x08002410   0x00000010   Code   RO         1024    i.DMA1_Stream3_IRQHandler  stm32f4xx_it.o
    0x08002420   0x00000010   Code   RO         1025    i.DMA2_Stream2_IRQHandler  stm32f4xx_it.o
    0x08002430   0x00000034   Code   RO         2008    i.DMA_CalcBaseAndBitshift  stm32f4xx_hal_dma.o
    0x08002464   0x000000aa   Code   RO         2009    i.DMA_CheckFifoParam  stm32f4xx_hal_dma.o
    0x0800250e   0x00000020   Code   RO         1967    i.DMA_MultiBufferSetConfig  stm32f4xx_hal_dma_ex.o
    0x0800252e   0x0000002c   Code   RO         2010    i.DMA_SetConfig     stm32f4xx_hal_dma.o
    0x0800255a   0x00000002   Code   RO         1026    i.DebugMon_Handler  stm32f4xx_it.o
    0x0800255c   0x00000002   Code   RO           13    i.Error_Handler     main.o
    0x0800255e   0x00000002   PAD
    0x08002560   0x0000006c   Code   RO         5034    i.GetKeyMsgFromFifo  key.o
    0x080025cc   0x00000228   Code   RO         1402    i.HAL_ADCEx_InjectedConfigChannel  stm32f4xx_hal_adc_ex.o
    0x080027f4   0x0000018c   Code   RO         1234    i.HAL_ADC_ConfigChannel  stm32f4xx_hal_adc.o
    0x08002980   0x00000008   Code   RO         1241    i.HAL_ADC_GetValue  stm32f4xx_hal_adc.o
    0x08002988   0x00000068   Code   RO         1243    i.HAL_ADC_Init      stm32f4xx_hal_adc.o
    0x080029f0   0x00000080   Code   RO          435    i.HAL_ADC_MspInit   adc.o
    0x08002a70   0x000000c2   Code   RO         1247    i.HAL_ADC_PollForConversion  stm32f4xx_hal_adc.o
    0x08002b32   0x00000002   PAD
    0x08002b34   0x0000013c   Code   RO         1249    i.HAL_ADC_Start     stm32f4xx_hal_adc.o
    0x08002c70   0x0000002a   Code   RO         2687    i.HAL_CAN_ActivateNotification  stm32f4xx_hal_can.o
    0x08002c9a   0x00000156   Code   RO         2688    i.HAL_CAN_AddTxMessage  stm32f4xx_hal_can.o
    0x08002df0   0x00000124   Code   RO         2689    i.HAL_CAN_ConfigFilter  stm32f4xx_hal_can.o
    0x08002f14   0x00000002   Code   RO         2692    i.HAL_CAN_ErrorCallback  stm32f4xx_hal_can.o
    0x08002f16   0x0000017a   Code   RO         2695    i.HAL_CAN_GetRxMessage  stm32f4xx_hal_can.o
    0x08003090   0x0000024e   Code   RO         2699    i.HAL_CAN_IRQHandler  stm32f4xx_hal_can.o
    0x080032de   0x00000174   Code   RO         2700    i.HAL_CAN_Init      stm32f4xx_hal_can.o
    0x08003452   0x00000002   PAD
    0x08003454   0x00000184   Code   RO          486    i.HAL_CAN_MspInit   can.o
    0x080035d8   0x00000002   Code   RO         2707    i.HAL_CAN_RxFifo0FullCallback  stm32f4xx_hal_can.o
    0x080035da   0x00000002   PAD
    0x080035dc   0x00000400   Code   RO          487    i.HAL_CAN_RxFifo0MsgPendingCallback  can.o
    0x080039dc   0x00000002   Code   RO         2709    i.HAL_CAN_RxFifo1FullCallback  stm32f4xx_hal_can.o
    0x080039de   0x00000002   Code   RO         2710    i.HAL_CAN_RxFifo1MsgPendingCallback  stm32f4xx_hal_can.o
    0x080039e0   0x00000002   Code   RO         2711    i.HAL_CAN_SleepCallback  stm32f4xx_hal_can.o
    0x080039e2   0x0000005e   Code   RO         2712    i.HAL_CAN_Start     stm32f4xx_hal_can.o
    0x08003a40   0x00000002   Code   RO         2714    i.HAL_CAN_TxMailbox0AbortCallback  stm32f4xx_hal_can.o
    0x08003a42   0x00000002   Code   RO         2715    i.HAL_CAN_TxMailbox0CompleteCallback  stm32f4xx_hal_can.o
    0x08003a44   0x00000002   Code   RO         2716    i.HAL_CAN_TxMailbox1AbortCallback  stm32f4xx_hal_can.o
    0x08003a46   0x00000002   Code   RO         2717    i.HAL_CAN_TxMailbox1CompleteCallback  stm32f4xx_hal_can.o
    0x08003a48   0x00000002   Code   RO         2718    i.HAL_CAN_TxMailbox2AbortCallback  stm32f4xx_hal_can.o
    0x08003a4a   0x00000002   Code   RO         2719    i.HAL_CAN_TxMailbox2CompleteCallback  stm32f4xx_hal_can.o
    0x08003a4c   0x00000002   Code   RO         2721    i.HAL_CAN_WakeUpFromRxMsgCallback  stm32f4xx_hal_can.o
    0x08003a4e   0x00000002   PAD
    0x08003a50   0x00000fb8   Code   RO         1970    i.HAL_DMAEx_MultiBufferStart_IT  stm32f4xx_hal_dma_ex.o
    0x08004a08   0x00000028   Code   RO         2012    i.HAL_DMA_Abort_IT  stm32f4xx_hal_dma.o
    0x08004a30   0x00000240   Code   RO         2016    i.HAL_DMA_IRQHandler  stm32f4xx_hal_dma.o
    0x08004c70   0x000000ec   Code   RO         2017    i.HAL_DMA_Init      stm32f4xx_hal_dma.o
    0x08004d5c   0x0000005e   Code   RO         2019    i.HAL_DMA_RegisterCallback  stm32f4xx_hal_dma.o
    0x08004dba   0x00000092   Code   RO         2021    i.HAL_DMA_Start_IT  stm32f4xx_hal_dma.o
    0x08004e4c   0x00000200   Code   RO         1904    i.HAL_GPIO_Init     stm32f4xx_hal_gpio.o
    0x0800504c   0x00000012   Code   RO         1907    i.HAL_GPIO_TogglePin  stm32f4xx_hal_gpio.o
    0x0800505e   0x0000000c   Code   RO         1908    i.HAL_GPIO_WritePin  stm32f4xx_hal_gpio.o
    0x0800506a   0x00000002   PAD
    0x0800506c   0x0000000c   Code   RO         2441    i.HAL_GetTick       stm32f4xx_hal.o
    0x08005078   0x000001d0   Code   RO         2931    i.HAL_I2C_Init      stm32f4xx_hal_i2c.o
    0x08005248   0x000001b8   Code   RO         2932    i.HAL_I2C_IsDeviceReady  stm32f4xx_hal_i2c.o
    0x08005400   0x00000170   Code   RO         2944    i.HAL_I2C_Master_Transmit  stm32f4xx_hal_i2c.o
    0x08005570   0x00000088   Code   RO          594    i.HAL_I2C_MspInit   i2c.o
    0x080055f8   0x00000050   Code   RO         3410    i.HAL_IWDG_Init     stm32f4xx_hal_iwdg.o
    0x08005648   0x0000000e   Code   RO         3411    i.HAL_IWDG_Refresh  stm32f4xx_hal_iwdg.o
    0x08005656   0x00000002   PAD
    0x08005658   0x00000018   Code   RO         2447    i.HAL_IncTick       stm32f4xx_hal.o
    0x08005670   0x0000003c   Code   RO         2448    i.HAL_Init          stm32f4xx_hal.o
    0x080056ac   0x0000008c   Code   RO         1190    i.HAL_InitTick      stm32f4xx_hal_timebase_tim.o
    0x08005738   0x00000054   Code   RO         1166    i.HAL_MspInit       stm32f4xx_hal_msp.o
    0x0800578c   0x00000020   Code   RO         2293    i.HAL_NVIC_EnableIRQ  stm32f4xx_hal_cortex.o
    0x080057ac   0x0000007c   Code   RO         2299    i.HAL_NVIC_SetPriority  stm32f4xx_hal_cortex.o
    0x08005828   0x00000028   Code   RO         2300    i.HAL_NVIC_SetPriorityGrouping  stm32f4xx_hal_cortex.o
    0x08005850   0x00000184   Code   RO         1505    i.HAL_RCC_ClockConfig  stm32f4xx_hal_rcc.o
    0x080059d4   0x00000044   Code   RO         1509    i.HAL_RCC_GetClockConfig  stm32f4xx_hal_rcc.o
    0x08005a18   0x0000000c   Code   RO         1510    i.HAL_RCC_GetHCLKFreq  stm32f4xx_hal_rcc.o
    0x08005a24   0x00000020   Code   RO         1512    i.HAL_RCC_GetPCLK1Freq  stm32f4xx_hal_rcc.o
    0x08005a44   0x00000020   Code   RO         1513    i.HAL_RCC_GetPCLK2Freq  stm32f4xx_hal_rcc.o
    0x08005a64   0x000000b0   Code   RO         1514    i.HAL_RCC_GetSysClockFreq  stm32f4xx_hal_rcc.o
    0x08005b14   0x00000488   Code   RO         1517    i.HAL_RCC_OscConfig  stm32f4xx_hal_rcc.o
    0x08005f9c   0x0000008c   Code   RO         3451    i.HAL_SPI_Init      stm32f4xx_hal_spi.o
    0x08006028   0x00000088   Code   RO          666    i.HAL_SPI_MspInit   spi.o
    0x080060b0   0x00000002   Code   RO         4450    i.HAL_TIMEx_BreakCallback  stm32f4xx_hal_tim_ex.o
    0x080060b2   0x00000002   Code   RO         4451    i.HAL_TIMEx_CommutCallback  stm32f4xx_hal_tim_ex.o
    0x080060b4   0x00000074   Code   RO         4453    i.HAL_TIMEx_ConfigBreakDeadTime  stm32f4xx_hal_tim_ex.o
    0x08006128   0x000000b4   Code   RO         4468    i.HAL_TIMEx_MasterConfigSynchronization  stm32f4xx_hal_tim_ex.o
    0x080061dc   0x00000034   Code   RO         3764    i.HAL_TIM_Base_Init  stm32f4xx_hal_tim.o
    0x08006210   0x00000084   Code   RO          714    i.HAL_TIM_Base_MspInit  tim.o
    0x08006294   0x0000002a   Code   RO         3769    i.HAL_TIM_Base_Start_IT  stm32f4xx_hal_tim.o
    0x080062be   0x00000002   Code   RO         3793    i.HAL_TIM_IC_CaptureCallback  stm32f4xx_hal_tim.o
    0x080062c0   0x00000196   Code   RO         3807    i.HAL_TIM_IRQHandler  stm32f4xx_hal_tim.o
    0x08006456   0x00000002   PAD
    0x08006458   0x00000148   Code   RO          715    i.HAL_TIM_MspPostInit  tim.o
    0x080065a0   0x00000002   Code   RO         3810    i.HAL_TIM_OC_DelayElapsedCallback  stm32f4xx_hal_tim.o
    0x080065a2   0x00000108   Code   RO         3831    i.HAL_TIM_PWM_ConfigChannel  stm32f4xx_hal_tim.o
    0x080066aa   0x00000034   Code   RO         3834    i.HAL_TIM_PWM_Init  stm32f4xx_hal_tim.o
    0x080066de   0x00000002   PAD
    0x080066e0   0x000000c0   Code   RO          717    i.HAL_TIM_PWM_MspInit  tim.o
    0x080067a0   0x00000002   Code   RO         3837    i.HAL_TIM_PWM_PulseFinishedCallback  stm32f4xx_hal_tim.o
    0x080067a2   0x00000002   PAD
    0x080067a4   0x00000058   Code   RO         3839    i.HAL_TIM_PWM_Start  stm32f4xx_hal_tim.o
    0x080067fc   0x00000044   Code   RO           14    i.HAL_TIM_PeriodElapsedCallback  main.o
    0x08006840   0x00000002   Code   RO         3850    i.HAL_TIM_TriggerCallback  stm32f4xx_hal_tim.o
    0x08006842   0x00000002   Code   RO         4722    i.HAL_UART_ErrorCallback  stm32f4xx_hal_uart.o
    0x08006844   0x00000154   Code   RO         4725    i.HAL_UART_IRQHandler  stm32f4xx_hal_uart.o
    0x08006998   0x00000072   Code   RO         4726    i.HAL_UART_Init     stm32f4xx_hal_uart.o
    0x08006a0a   0x00000002   PAD
    0x08006a0c   0x00000384   Code   RO          858    i.HAL_UART_MspInit  usart.o
    0x08006d90   0x00000050   Code   RO         4731    i.HAL_UART_Receive_IT  stm32f4xx_hal_uart.o
    0x08006de0   0x00000068   Code   RO          859    i.HAL_UART_RxCpltCallback  usart.o
    0x08006e48   0x000000d8   Code   RO         4734    i.HAL_UART_Transmit  stm32f4xx_hal_uart.o
    0x08006f20   0x0000009c   Code   RO         4735    i.HAL_UART_Transmit_DMA  stm32f4xx_hal_uart.o
    0x08006fbc   0x00000038   Code   RO         4736    i.HAL_UART_Transmit_IT  stm32f4xx_hal_uart.o
    0x08006ff4   0x00000002   Code   RO         4737    i.HAL_UART_TxCpltCallback  stm32f4xx_hal_uart.o
    0x08006ff6   0x00000002   Code   RO         4738    i.HAL_UART_TxHalfCpltCallback  stm32f4xx_hal_uart.o
    0x08006ff8   0x00000004   Code   RO         1027    i.HardFault_Handler  stm32f4xx_it.o
    0x08006ffc   0x00000094   Code   RO         7006    i.HolderDataMsg_Process  message.o
    0x08007090   0x00000054   Code   RO         7916    i.Holder_CanTransmit  holder.o
    0x080070e4   0x000001e4   Code   RO         7918    i.Holder_GetMoveData  holder.o
    0x080072c8   0x0000001e   Code   RO         7919    i.Holder_Init       holder.o
    0x080072e6   0x00000002   PAD
    0x080072e8   0x00000068   Code   RO         7920    i.Holder_MsgIn      holder.o
    0x08007350   0x00000040   Code   RO         7921    i.Holder_PidRun     holder.o
    0x08007390   0x000002b8   Code   RO         7922    i.Holder_Pid_Manual  holder.o
    0x08007648   0x00000052   Code   RO         7923    i.Holder_Process    holder.o
    0x0800769a   0x00000014   Code   RO         7924    i.Holder_Protect    holder.o
    0x080076ae   0x00000002   PAD
    0x080076b0   0x00000064   Code   RO         7925    i.Holder_Reset      holder.o
    0x08007714   0x00000124   Code   RO         7926    i.Holder_RosControl  holder.o
    0x08007838   0x00000064   Code   RO         7927    i.Holder_VisionPrediction  holder.o
    0x0800789c   0x0000003e   Code   RO         2974    i.I2C_IsAcknowledgeFailed  stm32f4xx_hal_i2c.o
    0x080078da   0x00000002   PAD
    0x080078dc   0x000000c0   Code   RO         2978    i.I2C_MasterRequestWrite  stm32f4xx_hal_i2c.o
    0x0800799c   0x0000005c   Code   RO         2994    i.I2C_WaitOnBTFFlagUntilTimeout  stm32f4xx_hal_i2c.o
    0x080079f8   0x00000086   Code   RO         2995    i.I2C_WaitOnFlagUntilTimeout  stm32f4xx_hal_i2c.o
    0x08007a7e   0x000000c4   Code   RO         2996    i.I2C_WaitOnMasterAddressFlagUntilTimeout  stm32f4xx_hal_i2c.o
    0x08007b42   0x0000005c   Code   RO         3000    i.I2C_WaitOnTXEFlagUntilTimeout  stm32f4xx_hal_i2c.o
    0x08007b9e   0x00000002   PAD
    0x08007ba0   0x00000080   Code   RO         7007    i.IMUAngle_Continue  message.o
    0x08007c20   0x0000000c   Code   RO         7669    i.JUDGE_u16GetChassisPowerLimit  judge_rx.o
    0x08007c2c   0x0000000c   Code   RO         7670    i.JUDGE_u16GetChassisVolt  judge_rx.o
    0x08007c38   0x0000000c   Code   RO         7673    i.JUDGE_u16GetRemainEnergy  judge_rx.o
    0x08007c44   0x0000000c   Code   RO         7676    i.JUDGE_u8GetCommandKeyboard  judge_rx.o
    0x08007c50   0x0000000c   Code   RO         7677    i.JUDGE_u8GetRobotId  judge_rx.o
    0x08007c5c   0x00000060   Code   RO         7562    i.JudgeUI_BK2_CapLine  judge_tx.o
    0x08007cbc   0x00000078   Code   RO         7563    i.JudgeUI_CapData   judge_tx.o
    0x08007d34   0x00000044   Code   RO         7564    i.JudgeUI_LidState  judge_tx.o
    0x08007d78   0x00000528   Code   RO         7565    i.JudgeUI_SendBKG1  judge_tx.o
    0x080082a0   0x00000548   Code   RO         7566    i.JudgeUI_SendBKG2_SuperCap_Line  judge_tx.o
    0x080087e8   0x00000144   Code   RO         7567    i.JudgeUI_SendLidSt  judge_tx.o
    0x0800892c   0x00000148   Code   RO         7568    i.JudgeUI_SendSpinMode  judge_tx.o
    0x08008a74   0x00000170   Code   RO         7569    i.JudgeUI_SendSuperCapData  judge_tx.o
    0x08008be4   0x00000148   Code   RO         7570    i.JudgeUI_SendVisionState  judge_tx.o
    0x08008d2c   0x00000174   Code   RO         7571    i.JudgeUI_SendVisionzData  judge_tx.o
    0x08008ea0   0x00000044   Code   RO         7572    i.JudgeUI_SpinMode  judge_tx.o
    0x08008ee4   0x00000044   Code   RO         7573    i.JudgeUI_Vision_State  judge_tx.o
    0x08008f28   0x00000074   Code   RO         7574    i.JudgeUI_VisionzData  judge_tx.o
    0x08008f9c   0x0000007c   Code   RO         7503    i.Judge_InitData    judge.o
    0x08009018   0x00000028   Code   RO         7504    i.Judge_Proccess    judge.o
    0x08009040   0x0000001c   Code   RO         7505    i.Judge_Uart_Idle   judge.o
    0x0800905c   0x000000dc   Code   RO         7506    i.Judge_Uart_UI     judge.o
    0x08009138   0x000000fc   Code   RO         7144    i.Key_Event         ui_lib.o
    0x08009234   0x00000050   Code   RO         5035    i.Key_Get           key.o
    0x08009284   0x00000098   Code   RO         5036    i.Key_Process       key.o
    0x0800931c   0x000000ac   Code   RO          436    i.MX_ADC1_Init      adc.o
    0x080093c8   0x00000044   Code   RO          488    i.MX_CAN1_Init      can.o
    0x0800940c   0x00000044   Code   RO          489    i.MX_CAN2_Init      can.o
    0x08009450   0x00000078   Code   RO          569    i.MX_DMA_Init       dma.o
    0x080094c8   0x00000170   Code   RO          331    i.MX_FREERTOS_Init  freertos.o
    0x08009638   0x0000013c   Code   RO          307    i.MX_GPIO_Init      gpio.o
    0x08009774   0x0000003c   Code   RO          595    i.MX_I2C1_Init      i2c.o
    0x080097b0   0x00000028   Code   RO          635    i.MX_IWDG_Init      iwdg.o
    0x080097d8   0x00000048   Code   RO          667    i.MX_SPI1_Init      spi.o
    0x08009820   0x00000034   Code   RO          718    i.MX_TIM14_Init     tim.o
    0x08009854   0x000000e4   Code   RO          719    i.MX_TIM1_Init      tim.o
    0x08009938   0x00000094   Code   RO          720    i.MX_TIM3_Init      tim.o
    0x080099cc   0x0000007c   Code   RO          721    i.MX_TIM4_Init      tim.o
    0x08009a48   0x0000004c   Code   RO          722    i.MX_TIM7_Init      tim.o
    0x08009a94   0x00000068   Code   RO          723    i.MX_TIM9_Init      tim.o
    0x08009afc   0x00000038   Code   RO          860    i.MX_UART4_Init     usart.o
    0x08009b34   0x00000040   Code   RO          861    i.MX_USART1_UART_Init  usart.o
    0x08009b74   0x00000038   Code   RO          862    i.MX_USART2_UART_Init  usart.o
    0x08009bac   0x00000038   Code   RO          863    i.MX_USART3_UART_Init  usart.o
    0x08009be4   0x00000038   Code   RO          864    i.MX_USART6_UART_Init  usart.o
    0x08009c1c   0x00000004   Code   RO         1028    i.MemManage_Handler  stm32f4xx_it.o
    0x08009c20   0x0000001e   Code   RO         5398    i.Misc_Fabsf        misc_func.o
    0x08009c3e   0x00000002   Code   RO         1029    i.NMI_Handler       stm32f4xx_it.o
    0x08009c40   0x00000040   Code   RO         5095    i.OLED_Clear        oled.o
    0x08009c80   0x0000011c   Code   RO         5098    i.OLED_Init         oled.o
    0x08009d9c   0x0000002e   Code   RO         5099    i.OLED_SetPos       oled.o
    0x08009dca   0x00000076   Code   RO         5100    i.OLED_ShowBMP      oled.o
    0x08009e40   0x00000050   Code   RO         5101    i.OLED_ShowChar     oled.o
    0x08009e90   0x000000e0   Code   RO         5102    i.OLED_ShowFloat    oled.o
    0x08009f70   0x00000034   Code   RO         5103    i.OLED_ShowString   oled.o
    0x08009fa4   0x0000006c   Code   RO         5104    i.OLED_WriteByte    oled.o
    0x0800a010   0x00000036   Code   RO         5105    i.OLED_printf       oled.o
    0x0800a046   0x00000002   PAD
    0x0800a048   0x0000018c   Code   RO         5325    i.OnDataReceived    imu_data_decode.o
    0x0800a1d4   0x000001a4   Code   RO         5261    i.Packet_Decode     imu_packet.o
    0x0800a378   0x00000020   Code   RO         5262    i.Packet_DecodeInit  imu_packet.o
    0x0800a398   0x0000006c   Code   RO         5407    i.RAMP_float        misc_func.o
    0x0800a404   0x000001e4   Code   RO         7008    i.RemoteDataMsg_Process  message.o
    0x0800a5e8   0x00000070   Code   RO         5037    i.SendKeyMsgToFifo  key.o
    0x0800a658   0x00000010   Code   RO         7077    i.SensorData        ui.o
    0x0800a668   0x000000a8   Code   RO         7078    i.SensorData_CallBack  ui.o
    0x0800a710   0x000000d0   Code   RO         8022    i.Shoot_CanTransmit  shoot.o
    0x0800a7e0   0x000000a4   Code   RO         8024    i.Shoot_FreqPidReset  shoot.o
    0x0800a884   0x000000cc   Code   RO         8026    i.Shoot_PidInit     shoot.o
    0x0800a950   0x0000006c   Code   RO         8029    i.Shoot_SpeedCanTransmitM3508  shoot.o
    0x0800a9bc   0x00000068   Code   RO         8031    i.Shoot_SpeedPidInitM3508  shoot.o
    0x0800aa24   0x00000034   Code   RO         6763    i.SysTick_Handler   port.o
    0x0800aa58   0x000000bc   Code   RO           15    i.SystemClock_Config  main.o
    0x0800ab14   0x0000001c   Code   RO         5512    i.SystemInit        system_stm32f4xx.o
    0x0800ab30   0x00000010   Code   RO          724    i.TIM14_START       tim.o
    0x0800ab40   0x0000001c   Code   RO          725    i.TIM1_PWMSTART     tim.o
    0x0800ab5c   0x00000020   Code   RO          726    i.TIM1_SetPWMPluse  tim.o
    0x0800ab7c   0x00000018   Code   RO          727    i.TIM3_PWMSTART     tim.o
    0x0800ab94   0x00000014   Code   RO          728    i.TIM3_SetPWMPluse  tim.o
    0x0800aba8   0x0000001c   Code   RO          729    i.TIM4_PWMSTART     tim.o
    0x0800abc4   0x00000010   Code   RO         1030    i.TIM6_DAC_IRQHandler  stm32f4xx_it.o
    0x0800abd4   0x00000010   Code   RO         1031    i.TIM7_IRQHandler   stm32f4xx_it.o
    0x0800abe4   0x00000010   Code   RO         1032    i.TIM8_TRG_COM_TIM14_IRQHandler  stm32f4xx_it.o
    0x0800abf4   0x00000010   Code   RO          731    i.TIM9_PWMSTART     tim.o
    0x0800ac04   0x0000000c   Code   RO          732    i.TIM9_SetPWMPluse  tim.o
    0x0800ac10   0x000000d8   Code   RO         3852    i.TIM_Base_SetConfig  stm32f4xx_hal_tim.o
    0x0800ace8   0x00000022   Code   RO         3853    i.TIM_CCxChannelCmd  stm32f4xx_hal_tim.o
    0x0800ad0a   0x00000002   PAD
    0x0800ad0c   0x00000070   Code   RO         3865    i.TIM_OC1_SetConfig  stm32f4xx_hal_tim.o
    0x0800ad7c   0x0000007c   Code   RO         3866    i.TIM_OC2_SetConfig  stm32f4xx_hal_tim.o
    0x0800adf8   0x00000078   Code   RO         3867    i.TIM_OC3_SetConfig  stm32f4xx_hal_tim.o
    0x0800ae70   0x00000054   Code   RO         3868    i.TIM_OC4_SetConfig  stm32f4xx_hal_tim.o
    0x0800aec4   0x00000040   Code   RO          865    i.UART1_RemoteStart  usart.o
    0x0800af04   0x00000058   Code   RO          866    i.UART2_SendWave    usart.o
    0x0800af5c   0x00000064   Code   RO          867    i.UART3_JudgeStart  usart.o
    0x0800afc0   0x0000001c   Code   RO          868    i.UART4_IMUStart    usart.o
    0x0800afdc   0x00000010   Code   RO         1033    i.UART4_IRQHandler  stm32f4xx_it.o
    0x0800afec   0x00000018   Code   RO          869    i.UART6_VisionStart  usart.o
    0x0800b004   0x00000014   Code   RO         4739    i.UART_DMAAbortOnError  stm32f4xx_hal_uart.o
    0x0800b018   0x00000050   Code   RO         4740    i.UART_DMAError     stm32f4xx_hal_uart.o
    0x0800b068   0x00000036   Code   RO         4745    i.UART_DMATransmitCplt  stm32f4xx_hal_uart.o
    0x0800b09e   0x0000000e   Code   RO         4747    i.UART_DMATxHalfCplt  stm32f4xx_hal_uart.o
    0x0800b0ac   0x00000020   Code   RO         4749    i.UART_EndRxTransfer  stm32f4xx_hal_uart.o
    0x0800b0cc   0x00000020   Code   RO         4750    i.UART_EndTransmit_IT  stm32f4xx_hal_uart.o
    0x0800b0ec   0x00000014   Code   RO         4751    i.UART_EndTxTransfer  stm32f4xx_hal_uart.o
    0x0800b100   0x000000a6   Code   RO         4752    i.UART_Receive_IT   stm32f4xx_hal_uart.o
    0x0800b1a6   0x00000002   PAD
    0x0800b1a8   0x000003e8   Code   RO         4753    i.UART_SetConfig    stm32f4xx_hal_uart.o
    0x0800b590   0x00000068   Code   RO         4754    i.UART_Transmit_IT  stm32f4xx_hal_uart.o
    0x0800b5f8   0x0000006c   Code   RO         4755    i.UART_WaitOnFlagUntilTimeout  stm32f4xx_hal_uart.o
    0x0800b664   0x000003e4   Code   RO         7145    i.UI_ChangeParam    ui_lib.o
    0x0800ba48   0x000000c0   Code   RO         7079    i.UI_Init           ui.o
    0x0800bb08   0x00000010   Code   RO         7080    i.UI_Process        ui.o
    0x0800bb18   0x00000110   Code   RO         7146    i.UI_Show           ui_lib.o
    0x0800bc28   0x000002d0   Code   RO         7147    i.UI_ShowString     ui_lib.o
    0x0800bef8   0x00000010   Code   RO         1034    i.USART1_IRQHandler  stm32f4xx_it.o
    0x0800bf08   0x00000010   Code   RO         1035    i.USART2_IRQHandler  stm32f4xx_it.o
    0x0800bf18   0x00000018   Code   RO         1036    i.USART3_IRQHandler  stm32f4xx_it.o
    0x0800bf30   0x00000010   Code   RO         1037    i.USART6_IRQHandler  stm32f4xx_it.o
    0x0800bf40   0x00000004   Code   RO         1038    i.UsageFault_Handler  stm32f4xx_it.o
    0x0800bf44   0x00000028   Code   RO         8806    i.__0sprintf        mc_w.l(printfa.o)
    0x0800bf6c   0x00000024   Code   RO         8810    i.__0vsprintf       mc_w.l(printfa.o)
    0x0800bf90   0x00000030   Code   RO         8906    i.__ARM_fpclassify  m_wm.l(fpclassify.o)
    0x0800bfc0   0x00000026   Code   RO         8908    i.__ARM_fpclassifyf  m_wm.l(fpclassifyf.o)
    0x0800bfe6   0x0000000a   Code   RO          870    i.__HAL_DMA_GET_CURRDATCOUT  usart.o
    0x0800bff0   0x00000014   Code   RO          871    i.__HAL_DMA_GET_CURRMEMTAR  usart.o
    0x0800c004   0x00000010   Code   RO         2306    i.__NVIC_GetPriorityGrouping  stm32f4xx_hal_cortex.o
    0x0800c014   0x00000028   Code   RO         2307    i.__NVIC_SetPriority  stm32f4xx_hal_cortex.o
    0x0800c03c   0x00000004   PAD
    0x0800c040   0x000002d8   Code   RO         8872    i.__hardfp_atan     m_wm.l(atan.o)
    0x0800c318   0x000001f0   Code   RO         8482    i.__hardfp_atan2    m_wm.l(atan2.o)
    0x0800c508   0x00000150   Code   RO         8494    i.__hardfp_cosf     m_wm.l(cosf.o)
    0x0800c658   0x00000c38   Code   RO         8506    i.__hardfp_pow      m_wm.l(pow.o)
    0x0800d290   0x00000190   Code   RO         8534    i.__hardfp_sinf     m_wm.l(sinf.o)
    0x0800d420   0x0000007a   Code   RO         8546    i.__hardfp_sqrt     m_wm.l(sqrt.o)
    0x0800d49a   0x000000f8   Code   RO         8924    i.__kernel_poly     m_wm.l(poly.o)
    0x0800d592   0x00000006   PAD
    0x0800d598   0x00000030   Code   RO         8886    i.__mathlib_dbl_divzero  m_wm.l(dunder.o)
    0x0800d5c8   0x00000014   Code   RO         8887    i.__mathlib_dbl_infnan  m_wm.l(dunder.o)
    0x0800d5dc   0x00000014   Code   RO         8888    i.__mathlib_dbl_infnan2  m_wm.l(dunder.o)
    0x0800d5f0   0x00000020   Code   RO         8889    i.__mathlib_dbl_invalid  m_wm.l(dunder.o)
    0x0800d610   0x00000020   Code   RO         8890    i.__mathlib_dbl_overflow  m_wm.l(dunder.o)
    0x0800d630   0x00000020   Code   RO         8892    i.__mathlib_dbl_underflow  m_wm.l(dunder.o)
    0x0800d650   0x00000006   Code   RO         8911    i.__mathlib_flt_infnan  m_wm.l(funder.o)
    0x0800d656   0x00000002   PAD
    0x0800d658   0x00000010   Code   RO         8913    i.__mathlib_flt_invalid  m_wm.l(funder.o)
    0x0800d668   0x00000010   Code   RO         8916    i.__mathlib_flt_underflow  m_wm.l(funder.o)
    0x0800d678   0x00000154   Code   RO         8927    i.__mathlib_rredf2  m_wm.l(rredf.o)
    0x0800d7cc   0x0000000e   Code   RO         8987    i.__scatterload_copy  mc_w.l(handlers.o)
    0x0800d7da   0x00000002   Code   RO         8988    i.__scatterload_null  mc_w.l(handlers.o)
    0x0800d7dc   0x0000000e   Code   RO         8989    i.__scatterload_zeroinit  mc_w.l(handlers.o)
    0x0800d7ea   0x00000002   PAD
    0x0800d7ec   0x0000000c   Code   RO         8957    i.__set_errno       mc_w.l(errno.o)
    0x0800d7f8   0x00000164   Code   RO         8811    i._fp_digits        mc_w.l(printfa.o)
    0x0800d95c   0x000006dc   Code   RO         8812    i._printf_core      mc_w.l(printfa.o)
    0x0800e038   0x00000024   Code   RO         8813    i._printf_post_padding  mc_w.l(printfa.o)
    0x0800e05c   0x0000002e   Code   RO         8814    i._printf_pre_padding  mc_w.l(printfa.o)
    0x0800e08a   0x0000000a   Code   RO         8816    i._sputc            mc_w.l(printfa.o)
    0x0800e094   0x0000001e   Code   RO         8262    i.absFloat          fytpi_math.o
    0x0800e0b2   0x00000002   PAD
    0x0800e0b4   0x00000030   Code   RO         7430    i.append_crc16_check_sum  protocol.o
    0x0800e0e4   0x00000026   Code   RO         7431    i.append_crc8_check_sum  protocol.o
    0x0800e10a   0x00000010   Code   RO         8874    i.atan              m_wm.l(atan.o)
    0x0800e11a   0x0000001a   Code   RO         7191    i.chekSum           vision.o
    0x0800e134   0x00000038   Code   RO         7059    i.circleContinue    motor.o
    0x0800e16c   0x00000016   Code   RO         8269    i.constrainInt16    fytpi_math.o
    0x0800e182   0x00000016   Code   RO         8270    i.constrainInt32    fytpi_math.o
    0x0800e198   0x00000016   Code   RO         8272    i.constrainUint16   fytpi_math.o
    0x0800e1ae   0x0000003c   Code   RO         5264    i.crc16_update      imu_packet.o
    0x0800e1ea   0x00000002   PAD
    0x0800e1ec   0x0000003c   Code   RO         7280    i.data_packet_pack  dma_unpack.o
    0x0800e228   0x000000b8   Code   RO         7281    i.dma_buffer_to_unpack_buffer  dma_unpack.o
    0x0800e2e0   0x00000010   Code   RO         7778    i.dynamicSpin       chassis.o
    0x0800e2f0   0x00000018   Code   RO         8902    i.fabs              m_wm.l(fabs.o)
    0x0800e308   0x00000074   Code   RO         8275    i.fastCos           fytpi_math.o
    0x0800e37c   0x00000028   Code   RO         8276    i.fastSin           fytpi_math.o
    0x0800e3a4   0x00000036   Code   RO         7342    i.fifo_s_get        data_fifo.o
    0x0800e3da   0x00000036   Code   RO         7344    i.fifo_s_init       data_fifo.o
    0x0800e410   0x00000056   Code   RO         7347    i.fifo_s_puts       data_fifo.o
    0x0800e466   0x00000010   Code   RO         7349    i.fifo_used_count   data_fifo.o
    0x0800e476   0x00000002   PAD
    0x0800e478   0x00000038   Code   RO         7779    i.followHolderSpinS16  chassis.o
    0x0800e4b0   0x00000010   Code   RO         7780    i.followSpeedSpinS16  chassis.o
    0x0800e4c0   0x000000e8   Code   RO         7192    i.getChassisSpeed   vision.o
    0x0800e5a8   0x0000005c   Code   RO          490    i.getDirAngleFloat  can.o
    0x0800e604   0x0000000c   Code   RO         7009    i.getImuYaw         message.o
    0x0800e610   0x00000076   Code   RO         7575    i.get_client_ID     judge_tx.o
    0x0800e686   0x00000002   PAD
    0x0800e688   0x00000034   Code   RO         7432    i.get_crc16_check_sum  protocol.o
    0x0800e6bc   0x00000024   Code   RO         7433    i.get_crc8_check_sum  protocol.o
    0x0800e6e0   0x0000001a   Code   RO         7282    i.get_dma_memory_msg  dma_unpack.o
    0x0800e6fa   0x00000002   PAD
    0x0800e6fc   0x00000014   Code   RO         5326    i.get_eular         imu_data_decode.o
    0x0800e710   0x00000014   Code   RO         5330    i.get_raw_gyo       imu_data_decode.o
    0x0800e724   0x0000002c   Code   RO         7781    i.holderFollowGetMoveDataS16  chassis.o
    0x0800e750   0x000000f0   Code   RO         7928    i.holderPidInit     holder.o
    0x0800e840   0x00000018   Code   RO         5332    i.imu_data_decode_init  imu_data_decode.o
    0x0800e858   0x00000010   Code   RO         6332    i.inHandlerMode     cmsis_os.o
    0x0800e868   0x0000017c   Code   RO         7679    i.judge_rx_handler  judge_rx.o
    0x0800e9e4   0x00000160   Code   RO         7283    i.judge_unpack_fifo_data  dma_unpack.o
    0x0800eb44   0x0000014c   Code   RO         7782    i.keyboardControlGetMoveData  chassis.o
    0x0800ec90   0x00000098   Code   RO           16    i.main              main.o
    0x0800ed28   0x0000000e   Code   RO         6334    i.makeFreeRtosPriority  cmsis_os.o
    0x0800ed36   0x00000002   PAD
    0x0800ed38   0x000000c8   Code   RO         7783    i.omniSpeedParse    chassis.o
    0x0800ee00   0x00000018   Code   RO         6336    i.osDelay           cmsis_os.o
    0x0800ee18   0x0000000a   Code   RO         6339    i.osKernelStart     cmsis_os.o
    0x0800ee22   0x00000028   Code   RO         6348    i.osMessageCreate   cmsis_os.o
    0x0800ee4a   0x00000002   PAD
    0x0800ee4c   0x0000009c   Code   RO         6350    i.osMessageGet      cmsis_os.o
    0x0800eee8   0x00000060   Code   RO         6352    i.osMessagePut      cmsis_os.o
    0x0800ef48   0x0000005e   Code   RO         6373    i.osThreadCreate    cmsis_os.o
    0x0800efa6   0x00000002   PAD
    0x0800efa8   0x000000a0   Code   RO         8205    i.piTunningAbsolute  fytpi_control.o
    0x0800f048   0x00000016   Code   RO         8206    i.pidAbsoluteInit   fytpi_control.o
    0x0800f05e   0x00000102   Code   RO         8207    i.pidAbsoluteUpdate  fytpi_control.o
    0x0800f160   0x00000012   Code   RO         8208    i.pidIncrementInit  fytpi_control.o
    0x0800f172   0x000000c0   Code   RO         8209    i.pidIncrementUpdate  fytpi_control.o
    0x0800f232   0x00000002   PAD
    0x0800f234   0x00000070   Code   RO         7284    i.protocol_packet_pack  dma_unpack.o
    0x0800f2a4   0x00000098   Code   RO         6017    i.prvAddCurrentTaskToDelayedList  tasks.o
    0x0800f33c   0x000000b4   Code   RO         6018    i.prvAddNewTaskToReadyList  tasks.o
    0x0800f3f0   0x00000048   Code   RO         6019    i.prvCheckTasksWaitingTermination  tasks.o
    0x0800f438   0x0000002a   Code   RO         5689    i.prvCopyDataFromQueue  queue.o
    0x0800f462   0x0000007e   Code   RO         5690    i.prvCopyDataToQueue  queue.o
    0x0800f4e0   0x00000050   Code   RO         6020    i.prvDeleteTCB      tasks.o
    0x0800f530   0x0000007c   Code   RO         6701    i.prvHeapInit       heap_4.o
    0x0800f5ac   0x00000028   Code   RO         6021    i.prvIdleTask       tasks.o
    0x0800f5d4   0x00000026   Code   RO         5693    i.prvInitialiseNewQueue  queue.o
    0x0800f5fa   0x000000b4   Code   RO         6022    i.prvInitialiseNewTask  tasks.o
    0x0800f6ae   0x00000002   PAD
    0x0800f6b0   0x00000068   Code   RO         6023    i.prvInitialiseTaskLists  tasks.o
    0x0800f718   0x00000068   Code   RO         6702    i.prvInsertBlockIntoFreeList  heap_4.o
    0x0800f780   0x0000001a   Code   RO         5694    i.prvIsQueueEmpty   queue.o
    0x0800f79a   0x0000001e   Code   RO         5695    i.prvIsQueueFull    queue.o
    0x0800f7b8   0x00000034   Code   RO         6024    i.prvResetNextTaskUnblockTime  tasks.o
    0x0800f7ec   0x00000040   Code   RO         6764    i.prvTaskExitError  port.o
    0x0800f82c   0x0000007e   Code   RO         5696    i.prvUnlockQueue    queue.o
    0x0800f8aa   0x00000002   PAD
    0x0800f8ac   0x0000013c   Code   RO         6703    i.pvPortMalloc      heap_4.o
    0x0800f9e8   0x0000002c   Code   RO         6765    i.pxPortInitialiseStack  port.o
    0x0800fa14   0x000000e8   Code   RO         7193    i.recvCmdData       vision.o
    0x0800fafc   0x00000020   Code   RO         7784    i.remoteControlGetMoveData  chassis.o
    0x0800fb1c   0x00000068   Code   RO         7194    i.sendCBData        vision.o
    0x0800fb84   0x0000006e   Code   RO         8548    i.sqrt              m_wm.l(sqrt.o)
    0x0800fbf2   0x00000002   PAD
    0x0800fbf4   0x0000002c   Code   RO         7785    i.superCapCanTransmit  chassis.o
    0x0800fc20   0x00000058   Code   RO          332    i.taskChassis       freertos.o
    0x0800fc78   0x000000d0   Code   RO          333    i.taskHolder        freertos.o
    0x0800fd48   0x00000012   Code   RO          334    i.taskJudge         freertos.o
    0x0800fd5a   0x0000000e   Code   RO          335    i.taskKey           freertos.o
    0x0800fd68   0x00000090   Code   RO          336    i.taskLED           freertos.o
    0x0800fdf8   0x00000058   Code   RO          337    i.taskMsg           freertos.o
    0x0800fe50   0x00000038   Code   RO          338    i.taskShoot         freertos.o
    0x0800fe88   0x00000012   Code   RO          339    i.taskUI            freertos.o
    0x0800fe9a   0x00000002   PAD
    0x0800fe9c   0x00000018   Code   RO          873    i.uart1_dma_callback  usart.o
    0x0800feb4   0x00000002   Code   RO          874    i.uart3_dma_m0_callback  usart.o
    0x0800feb6   0x00000002   Code   RO          875    i.uart3_dma_m1_callback  usart.o
    0x0800feb8   0x00000028   Code   RO         5649    i.uxListRemove      list.o
    0x0800fee0   0x00000018   Code   RO          340    i.vApplicationGetIdleTaskMemory  freertos.o
    0x0800fef8   0x0000001a   Code   RO         5650    i.vListInitialise   list.o
    0x0800ff12   0x00000006   Code   RO         5651    i.vListInitialiseItem  list.o
    0x0800ff18   0x00000034   Code   RO         5652    i.vListInsert       list.o
    0x0800ff4c   0x00000018   Code   RO         5653    i.vListInsertEnd    list.o
    0x0800ff64   0x00000054   Code   RO         6767    i.vPortEnterCritical  port.o
    0x0800ffb8   0x0000003c   Code   RO         6768    i.vPortExitCritical  port.o
    0x0800fff4   0x00000094   Code   RO         6704    i.vPortFree         heap_4.o
    0x08010088   0x00000028   Code   RO         6769    i.vPortSetupTimerInterrupt  port.o
    0x080100b0   0x00000078   Code   RO         6770    i.vPortValidateInterruptPriority  port.o
    0x08010128   0x0000005c   Code   RO         6032    i.vTaskDelay        tasks.o
    0x08010184   0x00000018   Code   RO         6035    i.vTaskInternalSetTimeOutState  tasks.o
    0x0801019c   0x0000000c   Code   RO         6036    i.vTaskMissedYield  tasks.o
    0x080101a8   0x00000038   Code   RO         6038    i.vTaskPlaceOnEventList  tasks.o
    0x080101e0   0x000000b0   Code   RO         6045    i.vTaskStartScheduler  tasks.o
    0x08010290   0x00000010   Code   RO         6047    i.vTaskSuspendAll   tasks.o
    0x080102a0   0x0000008c   Code   RO         6048    i.vTaskSwitchContext  tasks.o
    0x0801032c   0x00000040   Code   RO         7434    i.verify_crc16_check_sum  protocol.o
    0x0801036c   0x00000030   Code   RO         7435    i.verify_crc8_check_sum  protocol.o
    0x0801039c   0x00000168   Code   RO         6771    i.xPortStartScheduler  port.o
    0x08010504   0x00000060   Code   RO         5705    i.xQueueGenericCreate  queue.o
    0x08010564   0x000000e0   Code   RO         5706    i.xQueueGenericCreateStatic  queue.o
    0x08010644   0x00000098   Code   RO         5707    i.xQueueGenericReset  queue.o
    0x080106dc   0x000001a8   Code   RO         5708    i.xQueueGenericSend  queue.o
    0x08010884   0x000000f8   Code   RO         5709    i.xQueueGenericSendFromISR  queue.o
    0x0801097c   0x00000168   Code   RO         5715    i.xQueueReceive     queue.o
    0x08010ae4   0x000000ca   Code   RO         5716    i.xQueueReceiveFromISR  queue.o
    0x08010bae   0x00000002   PAD
    0x08010bb0   0x0000008c   Code   RO         6049    i.xTaskCheckForTimeOut  tasks.o
    0x08010c3c   0x00000064   Code   RO         6050    i.xTaskCreate       tasks.o
    0x08010ca0   0x000000ba   Code   RO         6051    i.xTaskCreateStatic  tasks.o
    0x08010d5a   0x00000002   PAD
    0x08010d5c   0x00000020   Code   RO         6055    i.xTaskGetSchedulerState  tasks.o
    0x08010d7c   0x00000148   Code   RO         6058    i.xTaskIncrementTick  tasks.o
    0x08010ec4   0x000000c8   Code   RO         6061    i.xTaskPriorityDisinherit  tasks.o
    0x08010f8c   0x00000098   Code   RO         6063    i.xTaskRemoveFromEventList  tasks.o
    0x08011024   0x00000104   Code   RO         6064    i.xTaskResumeAll    tasks.o
    0x08011128   0x00000120   Data   RO          342    .constdata          freertos.o
    0x08011248   0x00000008   Data   RO         2023    .constdata          stm32f4xx_hal_dma.o
    0x08011250   0x00000628   Data   RO         5106    .constdata          oled.o
    0x08011878   0x00000018   Data   RO         5513    .constdata          system_stm32f4xx.o
    0x08011890   0x00000302   Data   RO         7436    .constdata          protocol.o
    0x08011b92   0x00000002   PAD
    0x08011b94   0x00000008   Data   RO         7787    .constdata          chassis.o
    0x08011b9c   0x00000004   PAD
    0x08011ba0   0x00000088   Data   RO         8509    .constdata          m_wm.l(pow.o)
    0x08011c28   0x00000098   Data   RO         8875    .constdata          m_wm.l(atan.o)
    0x08011cc0   0x00000008   Data   RO         8926    .constdata          m_wm.l(qnan.o)
    0x08011cc8   0x00000020   Data   RO         8928    .constdata          m_wm.l(rredf.o)
    0x08011ce8   0x0000002e   Data   RO          343    .conststring        freertos.o
    0x08011d16   0x00000002   PAD
    0x08011d18   0x00000020   Data   RO         8985    Region$$Table       anon$$obj.o


    Execution Region RW_IRAM2 (Base: 0x10000000, Size: 0x00000000, Max: 0x00010000, ABSOLUTE)

    **** No section assigned to this execution region ****


    Execution Region RW_IRAM1 (Base: 0x20000000, Size: 0x000069a0, Max: 0x00020000, ABSOLUTE, COMPRESSED[0x000002b4])

    Base Addr    Size         Type   Attr      Idx    E Section Name        Object

    0x20000000   0x00000030   Data   RW          344    .data               freertos.o
    0x20000030   0x00000014   Data   RW          492    .data               can.o
    0x20000044   0x00000007   Data   RW          878    .data               usart.o
    0x2000004b   0x00000001   PAD
    0x2000004c   0x00000009   Data   RW         2455    .data               stm32f4xx_hal.o
    0x20000055   0x0000002f   Data   RW         5038    .data               key.o
    0x20000084   0x00000002   Data   RW         5107    .data               oled.o
    0x20000086   0x00000002   PAD
    0x20000088   0x00000011   Data   RW         5265    .data               imu_packet.o
    0x20000099   0x00000001   PAD
    0x2000009a   0x00000013   Data   RW         5334    .data               imu_data_decode.o
    0x200000ad   0x00000003   PAD
    0x200000b0   0x00000004   Data   RW         5514    .data               system_stm32f4xx.o
    0x200000b4   0x0000003c   Data   RW         6067    .data               tasks.o
    0x200000f0   0x00000018   Data   RW         6709    .data               heap_4.o
    0x20000108   0x0000000c   Data   RW         6772    .data               port.o
    0x20000114   0x0000001c   Data   RW         7011    .data               message.o
    0x20000130   0x00000002   Data   RW         7082    .data               ui.o
    0x20000132   0x00000002   PAD
    0x20000134   0x00000031   Data   RW         7148    .data               ui_lib.o
    0x20000165   0x00000001   PAD
    0x20000166   0x00000015   Data   RW         7196    .data               vision.o
    0x2000017b   0x00000001   Data   RW         7285    .data               dma_unpack.o
    0x2000017c   0x00000002   Data   RW         7437    .data               protocol.o
    0x2000017e   0x00000004   Data   RW         7508    .data               judge.o
    0x20000182   0x00000006   Data   RW         7577    .data               judge_tx.o
    0x20000188   0x000000c4   Data   RW         7788    .data               chassis.o
    0x2000024c   0x00000109   Data   RW         7930    .data               holder.o
    0x20000355   0x00000003   PAD
    0x20000358   0x0000008c   Data   RW         8037    .data               shoot.o
    0x200003e4   0x0000016c   Data   RW         8286    .data               fytpi_math.o
    0x20000550   0x00000004   Data   RW         8958    .data               mc_w.l(errno.o)
    0x20000554   0x00000160   Zero   RW          341    .bss                freertos.o
    0x200006b4   0x00000048   Zero   RW          437    .bss                adc.o
    0x200006fc   0x00000080   Zero   RW          491    .bss                can.o
    0x2000077c   0x00000054   Zero   RW          596    .bss                i2c.o
    0x200007d0   0x0000000c   Zero   RW          636    .bss                iwdg.o
    0x200007dc   0x00000058   Zero   RW          669    .bss                spi.o
    0x20000834   0x000001b8   Zero   RW          733    .bss                tim.o
    0x200009ec   0x00000bb4   Zero   RW          877    .bss                usart.o
    0x200015a0   0x00000040   Zero   RW         1193    .bss                stm32f4xx_hal_timebase_tim.o
    0x200015e0   0x000000a8   Zero   RW         5333    .bss                imu_data_decode.o
    0x20001688   0x000000f0   Zero   RW         6066    .bss                tasks.o
    0x20001778   0x00003c00   Zero   RW         6708    .bss                heap_4.o
    0x20005378   0x00000018   Zero   RW         7010    .bss                message.o
    0x20005390   0x00000280   Zero   RW         7081    .bss                ui.o
    0x20005610   0x0000012c   Zero   RW         7195    .bss                vision.o
    0x2000573c   0x000002fc   Zero   RW         7507    .bss                judge.o
    0x20005a38   0x000000c0   Zero   RW         7576    .bss                judge_tx.o
    0x20005af8   0x0000009e   Zero   RW         7680    .bss                judge_rx.o
    0x20005b96   0x00000002   PAD
    0x20005b98   0x0000044c   Zero   RW         7786    .bss                chassis.o
    0x20005fe4   0x0000023c   Zero   RW         7929    .bss                holder.o
    0x20006220   0x0000037c   Zero   RW         8036    .bss                shoot.o
    0x2000659c   0x00000004   PAD
    0x200065a0   0x00000400   Zero   RW            1    STACK               startup_stm32f407xx.o


==============================================================================

Image component sizes


      Code (inc. data)   RO Data    RW Data    ZI Data      Debug   Object Name

       316         38          0          0         72       2353   adc.o
      1856        150          0         20        128       6762   can.o
      6094        412          8        196       1100      17738   chassis.o
       450         10          0          0          0      30875   cmsis_os.o
       210          0          0          0          0       3251   data_fifo.o
       120          6          0          0          0        854   dma.o
       734         16          0          1          0       4602   dma_unpack.o
         0          0          0          0          0      18916   event_groups.o
      1026        138        334         48        352       8109   freertos.o
       650          8          0          0          0       4310   fytpi_control.o
       252         16          0        364          0       4619   fytpi_math.o
       316         18          0          0          0       1127   gpio.o
       692         62          0         24      15360       7415   heap_4.o
      2296        324          0        265        572      11899   holder.o
       196         26          0          0         84       1713   i2c.o
       460         54          0         19        168       3257   imu_data_decode.o
       512         40          0         17          0       4488   imu_packet.o
        40          8          0          0         12        719   iwdg.o
       412         80          0          4        764       5276   judge.o
       440         24          0          0        158       4352   judge_rx.o
      5046        202          0          6        192      12231   judge_tx.o
       628         76          0         47          0       5340   key.o
       148          0          0          0          0       3646   list.o
       410         26          0          0          0     769672   main.o
       772         58          0         28         24       6194   message.o
       138          6          0          0          0       1318   misc_func.o
        56          0          0          0          0        993   motor.o
      1030         20       1576          2          0       7566   oled.o
      1014         92          0         12          0      12245   port.o
       286         18        770          2          0       5218   protocol.o
      2094         14          0          0          0      17929   queue.o
       788        130          0        140        892       8194   shoot.o
       208         24          0          0         88       1733   spi.o
        36          8        392          0       1024        852   startup_stm32f407xx.o
        96         20          0          9          0       8182   stm32f4xx_hal.o
      1370         54          0          0          0       5170   stm32f4xx_hal_adc.o
       552         12          0          0          0       1434   stm32f4xx_hal_adc_ex.o
      2134          6          0          0          0      14555   stm32f4xx_hal_can.o
       252         22          0          0          0      33734   stm32f4xx_hal_cortex.o
      1358         22          8          0          0       7089   stm32f4xx_hal_dma.o
      4056         36          0          0          0       4212   stm32f4xx_hal_dma_ex.o
       542         46          0          0          0       2981   stm32f4xx_hal_gpio.o
      2040         42          0          0          0       9249   stm32f4xx_hal_i2c.o
        94          0          0          0          0       1779   stm32f4xx_hal_iwdg.o
        84          6          0          0          0        894   stm32f4xx_hal_msp.o
      1868         94          0          0          0       6365   stm32f4xx_hal_rcc.o
       140          0          0          0          0       1187   stm32f4xx_hal_spi.o
      1602         90          0          0          0      11910   stm32f4xx_hal_tim.o
       300         30          0          0          0       3373   stm32f4xx_hal_tim_ex.o
       140         18          0          0         64       1511   stm32f4xx_hal_timebase_tim.o
      2598         26          0          0          0      14700   stm32f4xx_hal_uart.o
       296         98          0          0          0      10696   stm32f4xx_it.o
        28          4         24          4          0       1207   system_stm32f4xx.o
      2774        340          0         60        240      26096   tasks.o
      1560        168          0          0        440      11509   tim.o
       744        318          0          2        640       5529   ui.o
      2240        134          0         49          0       4709   ui_lib.o
      1654        230          0          7       2996      11964   usart.o
       594         42          0         21        300      11528   vision.o

    ----------------------------------------------------------------------
     58914       3966       3152       1360      25676    1207329   Object Totals
         0          0         32          0          0          0   (incl. Generated)
        72          4          8         13          6          0   (incl. Padding)

    ----------------------------------------------------------------------

      Code (inc. data)   RO Data    RW Data    ZI Data      Debug   Library Member Name

       744        106        152          0          0        352   atan.o
       496         64          0          0          0        192   atan2.o
       336         56          0          0          0        136   cosf.o
       184         44          0          0          0        744   dunder.o
        24          0          0          0          0        124   fabs.o
        48          0          0          0          0        124   fpclassify.o
        38          0          0          0          0        116   fpclassifyf.o
        38         12          0          0          0        348   funder.o
       248          0          0          0          0        152   poly.o
      3128        302        136          0          0        356   pow.o
         0          0          8          0          0          0   qnan.o
       340         24         32          0          0        160   rredf.o
       400         56          0          0          0        212   sinf.o
       232          0          0          0          0        296   sqrt.o
        86          0          0          0          0          0   __dczerorl2.o
         0          0          0          0          0          0   entry.o
         0          0          0          0          0          0   entry10a.o
         0          0          0          0          0          0   entry11a.o
         8          4          0          0          0          0   entry2.o
         4          0          0          0          0          0   entry5.o
         0          0          0          0          0          0   entry7b.o
         0          0          0          0          0          0   entry8b.o
         8          4          0          0          0          0   entry9a.o
        12          6          0          4          0         68   errno.o
        30          0          0          0          0          0   handlers.o
        36          8          0          0          0         68   init.o
         0          0          0          0          0          0   iusefp.o
        30          0          0          0          0         68   llshl.o
        36          0          0          0          0         68   llsshr.o
        32          0          0          0          0         68   llushr.o
        36          0          0          0          0         68   memcpya.o
        36          0          0          0          0        108   memseta.o
      2280         92          0          0          0        592   printfa.o
        44          0          0          0          0         80   uidiv.o
        98          0          0          0          0         92   uldiv.o
        48          0          0          0          0         68   cdrcmple.o
        56          0          0          0          0         88   d2f.o
       334          0          0          0          0        148   dadd.o
       222          0          0          0          0        100   ddiv.o
       186          0          0          0          0        176   depilogue.o
        62          0          0          0          0         80   dfixi.o
        48          0          0          0          0         68   dfixul.o
        34          0          0          0          0         76   dflti.o
       228          0          0          0          0         96   dmul.o
        46          0          0          0          0         80   dscalb.o
       162          0          0          0          0        100   dsqrt.o
        38          0          0          0          0         68   f2d.o
       110          0          0          0          0        168   fepilogue.o

    ----------------------------------------------------------------------
     10622        778        328          4          0       5908   Library Totals
        16          0          0          0          0          0   (incl. Padding)

    ----------------------------------------------------------------------

      Code (inc. data)   RO Data    RW Data    ZI Data      Debug   Library Name

      6256        664        328          0          0       3312   m_wm.l
      2776        114          0          4          0       1280   mc_w.l
      1574          0          0          0          0       1316   mf_w.l

    ----------------------------------------------------------------------
     10622        778        328          4          0       5908   Library Totals

    ----------------------------------------------------------------------

==============================================================================


      Code (inc. data)   RO Data    RW Data    ZI Data      Debug   

     69536       4744       3480       1364      25676    1172569   Grand Totals
     69536       4744       3480        692      25676    1172569   ELF Image Totals (compressed)
     69536       4744       3480        692          0          0   ROM Totals

==============================================================================

    Total RO  Size (Code + RO Data)                73016 (  71.30kB)
    Total RW  Size (RW Data + ZI Data)             27040 (  26.41kB)
    Total ROM Size (Code + RO Data + RW Data)      73708 (  71.98kB)

==============================================================================

