<html>
<body>
<pre>
<h1>µVision Build Log</h1>
<h2>Tool Versions:</h2>
IDE-Version: ¦ÌVision V5.14.0.0
Copyright (C) 2015 ARM Ltd and ARM Germany GmbH. All rights reserved.
License Information: liu liu, csu_fyt, LIC=D0D7S-LP604-8TM3P-M314X-IPF15-ATZT8
 
Tool Versions:
Toolchain:       MDK-ARM Standard  Version: 5.14.0.0
Toolchain Path:  D:\keil\ARM\ARMCC\Bin
C Compiler:      Armcc.exe V5.05 update 1 (build 106)
Assembler:       Armasm.exe V5.05 update 1 (build 106)
Linker/Locator:  ArmLink.exe V5.05 update 1 (build 106)
Library Manager: ArmAr.exe V5.05 update 1 (build 106)
Hex Converter:   FromElf.exe V5.05 update 1 (build 106)
CPU DLL:         SARMCM3.DLL V5.14.0.0
Dialog DLL:      DCM.DLL V1.13.1.0
Target DLL:      CMSIS_AGDI.dll V1.21.0.0
Dialog DLL:      TCM.DLL V1.14.4.0
 
<h2>Project:</h2>
E:\STM32\fyt_infantry_rudder_03\fyt_infantry_rudder_03\MDK-ARM\F407.uvprojx
Project File Date:  03/17/2022

<h2>Output:</h2>
Build target 'F407'
compiling can.c...
compiling tim.c...
compiling vision.c...
..\Middlewares\Third_Party\SoftWare\vision.c(158): warning:  #177-D: variable "robot_id" was declared but never referenced
              uint8_t robot_id = vData.buf[vData.index - 3];
..\Middlewares\Third_Party\SoftWare\vision.c(159): warning:  #177-D: variable "enemy_color" was declared but never referenced
                        uint8_t enemy_color = vData.buf[vData.index - 2];
..\Middlewares\Third_Party\SoftWare\vision.c: 2 warnings, 0 errors
compiling chassis.c...
..\Middlewares\Third_Party\SoftWare\chassis.c(746): warning:  #111-D: statement is unreachable
          break;
..\Middlewares\Third_Party\SoftWare\chassis.c(750): warning:  #111-D: statement is unreachable
          break;
..\Middlewares\Third_Party\SoftWare\chassis.c(754): warning:  #111-D: statement is unreachable
          break;
..\Middlewares\Third_Party\SoftWare\chassis.c(756): warning:  #940-D: missing return statement at end of non-void function "Chassis_RosControl"
  }
..\Middlewares\Third_Party\SoftWare\chassis.c: 4 warnings, 0 errors
compiling holder.c...
..\Middlewares\Third_Party\SoftWare\holder.c(58): warning:  #177-D: variable "y_bias" was declared but never referenced
  static int32_t y_bias = 0;
..\Middlewares\Third_Party\SoftWare\holder.c: 1 warning, 0 errors
compiling shoot.c...
linking...
Program Size: Code=69536 RO-data=3480 RW-data=1364 ZI-data=25676  
FromELF: creating hex file...
"F407\F407.axf" - 0 Error(s), 7 Warning(s).

<h2>Software Packages used:</h2>

Package Vendor: ARM
                http://www.keil.com/pack/ARM.CMSIS.5.7.0.pack
                ARM::CMSIS:CORE:5.4.0
                CMSIS (Cortex Microcontroller Software Interface Standard)
   * Component: CORE Version: 5.4.0
   * Component: DSP Variant: Library Version: 1.8.0

<h2>Collection of Component include folders:</h2>
  E:\STM32\fyt_infantry_rudder_03\fyt_infantry_rudder_03\MDK-ARM\RTE
  D:\keil\ARM\PACK\ARM\CMSIS\5.7.0\CMSIS\Core\Include
  D:\keil\ARM\PACK\ARM\CMSIS\5.7.0\CMSIS\DSP\Include
  D:\keil\ARM\PACK\Keil\STM32F4xx_DFP\2.5.0

<h2>Collection of Component Files used:</h2>

   * Component: ARM::CMSIS:CORE:5.4.0
      Include file:  CMSIS\Core\Include\tz_context.h
      Source file:   CMSIS\Core\Template\ARMv8-M\main_s.c
      Source file:   CMSIS\Core\Template\ARMv8-M\tz_context.c

   * Component: ARM::CMSIS:DSP:Library:1.8.0
      Library file:  CMSIS\DSP\Lib\ARM\arm_cortexM4lf_math.lib
      Include file:  CMSIS\DSP\Include\arm_math.h
</pre>
</body>
</html>
